-- Found ament_cmake: 2.5.6 (/opt/ros/jazzy/share/ament_cmake/cmake)
-- Found rclcpp: 28.1.18 (/opt/ros/jazzy/share/rclcpp/cmake)
-- Found rosidl_generator_c: 4.6.7 (/opt/ros/jazzy/share/rosidl_generator_c/cmake)
-- Found rosidl_generator_cpp: 4.6.7 (/opt/ros/jazzy/share/rosidl_generator_cpp/cmake)
-- Using all available rosidl_typesupport_c: rosidl_typesupport_fastrtps_c;rosidl_typesupport_introspection_c
-- Using all available rosidl_typesupport_cpp: rosidl_typesupport_fastrtps_cpp;rosidl_typesupport_introspection_cpp
-- Found rmw_implementation_cmake: 7.3.3 (/opt/ros/jazzy/share/rmw_implementation_cmake/cmake)
-- Found rmw_fastrtps_cpp: 8.4.3 (/opt/ros/jazzy/share/rmw_fastrtps_cpp/cmake)
-- Using RMW implementation 'rmw_fastrtps_cpp' as default
-- Found geometry_msgs: 5.3.7 (/opt/ros/jazzy/share/geometry_msgs/cmake)
-- Found turtlesim: 1.8.3 (/opt/ros/jazzy/share/turtlesim/cmake)
-- Found ament_lint_auto: 0.17.5 (/opt/ros/jazzy/share/ament_lint_auto/cmake)
-- Added test 'cppcheck' to perform static code analysis on C / C++ code
-- Configured cppcheck include dirs: 
-- Configured cppcheck exclude dirs and/or files: 
-- Added test 'lint_cmake' to check CMake code style
-- Added test 'uncrustify' to check C / C++ code style
-- Configured uncrustify additional arguments: 
-- Added test 'xmllint' to check XML markup files
-- Configuring done (0.4s)
-- Generating done (0.0s)
-- Build files have been written to: /home/deadsec/robotics_development/build/go_to_pose_pkg
[ 16%] [32mBuilding CXX object CMakeFiles/controller_node.dir/src/controller_node.cpp.o[0m
[ 50%] Built target first_publisher
[ 83%] Built target pose_subscriber
[100%] [32m[1mLinking CXX executable controller_node[0m
[100%] Built target controller_node
-- Install configuration: ""
-- Up-to-date: /home/deadsec/robotics_development/install/go_to_pose_pkg/lib/go_to_pose_pkg/first_publisher
-- Up-to-date: /home/deadsec/robotics_development/install/go_to_pose_pkg/lib/go_to_pose_pkg/pose_subscriber
-- Installing: /home/deadsec/robotics_development/install/go_to_pose_pkg/lib/go_to_pose_pkg/controller_node
-- Set non-toolchain portion of runtime path of "/home/deadsec/robotics_development/install/go_to_pose_pkg/lib/go_to_pose_pkg/controller_node" to ""
-- Up-to-date: /home/deadsec/robotics_development/install/go_to_pose_pkg/share/ament_index/resource_index/package_run_dependencies/go_to_pose_pkg
-- Up-to-date: /home/deadsec/robotics_development/install/go_to_pose_pkg/share/ament_index/resource_index/parent_prefix_path/go_to_pose_pkg
-- Up-to-date: /home/deadsec/robotics_development/install/go_to_pose_pkg/share/go_to_pose_pkg/environment/ament_prefix_path.sh
-- Up-to-date: /home/deadsec/robotics_development/install/go_to_pose_pkg/share/go_to_pose_pkg/environment/ament_prefix_path.dsv
-- Up-to-date: /home/deadsec/robotics_development/install/go_to_pose_pkg/share/go_to_pose_pkg/environment/path.sh
-- Up-to-date: /home/deadsec/robotics_development/install/go_to_pose_pkg/share/go_to_pose_pkg/environment/path.dsv
-- Up-to-date: /home/deadsec/robotics_development/install/go_to_pose_pkg/share/go_to_pose_pkg/local_setup.bash
-- Up-to-date: /home/deadsec/robotics_development/install/go_to_pose_pkg/share/go_to_pose_pkg/local_setup.sh
-- Up-to-date: /home/deadsec/robotics_development/install/go_to_pose_pkg/share/go_to_pose_pkg/local_setup.zsh
-- Up-to-date: /home/deadsec/robotics_development/install/go_to_pose_pkg/share/go_to_pose_pkg/local_setup.dsv
-- Installing: /home/deadsec/robotics_development/install/go_to_pose_pkg/share/go_to_pose_pkg/package.dsv
-- Up-to-date: /home/deadsec/robotics_development/install/go_to_pose_pkg/share/ament_index/resource_index/packages/go_to_pose_pkg
-- Up-to-date: /home/deadsec/robotics_development/install/go_to_pose_pkg/share/go_to_pose_pkg/cmake/go_to_pose_pkgConfig.cmake
-- Up-to-date: /home/deadsec/robotics_development/install/go_to_pose_pkg/share/go_to_pose_pkg/cmake/go_to_pose_pkgConfig-version.cmake
-- Up-to-date: /home/deadsec/robotics_development/install/go_to_pose_pkg/share/go_to_pose_pkg/package.xml
