[0.007s] Invoking command in '/home/deadsec/robotics_development/build/go_to_pose_pkg': CMAKE_PREFIX_PATH=${CMAKE_PREFIX_PATH}:/opt/ros/jazzy DEBUGINFOD_URLS=https://debuginfod.ubuntu.com /usr/bin/cmake /home/deadsec/robotics_development/src/go_to_pose_pkg -DCMAKE_INSTALL_PREFIX=/home/deadsec/robotics_development/install/go_to_pose_pkg
[0.080s] -- The C compiler identification is GNU 13.3.0
[0.133s] -- The CXX compiler identification is GNU 13.3.0
[0.147s] -- Detecting C compiler ABI info
[0.212s] -- Detecting C compiler ABI info - done
[0.221s] -- Check for working C compiler: /usr/bin/cc - skipped
[0.221s] -- Detecting C compile features
[0.222s] -- Detecting C compile features - done
[0.229s] -- Detecting CXX compiler ABI info
[0.295s] -- Detecting CXX compiler ABI info - done
[0.303s] -- Check for working CXX compiler: /usr/bin/c++ - skipped
[0.303s] -- Detecting CXX compile features
[0.304s] -- Detecting CXX compile features - done
[0.310s] -- Found ament_cmake: 2.5.6 (/opt/ros/jazzy/share/ament_cmake/cmake)
[0.426s] -- Found Python3: /usr/bin/python3 (found version "3.12.3") found components: Interpreter 
[0.519s] -- Found rclcpp: 28.1.18 (/opt/ros/jazzy/share/rclcpp/cmake)
[0.562s] -- Found rosidl_generator_c: 4.6.7 (/opt/ros/jazzy/share/rosidl_generator_c/cmake)
[0.573s] -- Found rosidl_generator_cpp: 4.6.7 (/opt/ros/jazzy/share/rosidl_generator_cpp/cmake)
[0.594s] -- Using all available rosidl_typesupport_c: rosidl_typesupport_fastrtps_c;rosidl_typesupport_introspection_c
[0.616s] -- Using all available rosidl_typesupport_cpp: rosidl_typesupport_fastrtps_cpp;rosidl_typesupport_introspection_cpp
[0.683s] -- Found rmw_implementation_cmake: 7.3.3 (/opt/ros/jazzy/share/rmw_implementation_cmake/cmake)
[0.687s] -- Found rmw_fastrtps_cpp: 8.4.3 (/opt/ros/jazzy/share/rmw_fastrtps_cpp/cmake)
[0.759s] -- Found OpenSSL: /usr/lib/x86_64-linux-gnu/libcrypto.so (found version "3.0.13")  
[0.778s] -- Found FastRTPS: /opt/ros/jazzy/include (Required is at least version "2.13") 
[0.796s] -- Using RMW implementation 'rmw_fastrtps_cpp' as default
[0.867s] -- Found geometry_msgs: 5.3.7 (/opt/ros/jazzy/share/geometry_msgs/cmake)
[0.892s] -- Found turtlesim: 1.8.3 (/opt/ros/jazzy/share/turtlesim/cmake)
[0.933s] -- Found ament_lint_auto: 0.17.5 (/opt/ros/jazzy/share/ament_lint_auto/cmake)
[0.999s] -- Added test 'cppcheck' to perform static code analysis on C / C++ code
[0.999s] -- Configured cppcheck include dirs: 
[0.999s] -- Configured cppcheck exclude dirs and/or files: 
[1.000s] -- Added test 'lint_cmake' to check CMake code style
[1.001s] -- Added test 'uncrustify' to check C / C++ code style
[1.001s] -- Configured uncrustify additional arguments: 
[1.001s] -- Added test 'xmllint' to check XML markup files
[1.003s] -- Configuring done (1.0s)
[1.008s] -- Generating done (0.0s)
[1.012s] -- Build files have been written to: /home/deadsec/robotics_development/build/go_to_pose_pkg
[1.018s] Invoked command in '/home/deadsec/robotics_development/build/go_to_pose_pkg' returned '0': CMAKE_PREFIX_PATH=${CMAKE_PREFIX_PATH}:/opt/ros/jazzy DEBUGINFOD_URLS=https://debuginfod.ubuntu.com /usr/bin/cmake /home/deadsec/robotics_development/src/go_to_pose_pkg -DCMAKE_INSTALL_PREFIX=/home/deadsec/robotics_development/install/go_to_pose_pkg
[1.019s] Invoking command in '/home/deadsec/robotics_development/build/go_to_pose_pkg': CMAKE_PREFIX_PATH=${CMAKE_PREFIX_PATH}:/opt/ros/jazzy DEBUGINFOD_URLS=https://debuginfod.ubuntu.com /usr/bin/cmake --build /home/deadsec/robotics_development/build/go_to_pose_pkg -- -j24 -l24
[1.082s] [ 50%] [32mBuilding CXX object CMakeFiles/first_publisher.dir/src/first_publisher.cpp.o[0m
[3.357s] [100%] [32m[1mLinking CXX executable first_publisher[0m
[3.470s] [100%] Built target first_publisher
[3.479s] Invoked command in '/home/deadsec/robotics_development/build/go_to_pose_pkg' returned '0': CMAKE_PREFIX_PATH=${CMAKE_PREFIX_PATH}:/opt/ros/jazzy DEBUGINFOD_URLS=https://debuginfod.ubuntu.com /usr/bin/cmake --build /home/deadsec/robotics_development/build/go_to_pose_pkg -- -j24 -l24
[3.489s] Invoking command in '/home/deadsec/robotics_development/build/go_to_pose_pkg': CMAKE_PREFIX_PATH=${CMAKE_PREFIX_PATH}:/opt/ros/jazzy DEBUGINFOD_URLS=https://debuginfod.ubuntu.com /usr/bin/cmake --install /home/deadsec/robotics_development/build/go_to_pose_pkg
[3.498s] -- Install configuration: ""
[3.499s] -- Installing: /home/deadsec/robotics_development/install/go_to_pose_pkg/lib/go_to_pose_pkg/first_publisher
[3.499s] -- Set non-toolchain portion of runtime path of "/home/deadsec/robotics_development/install/go_to_pose_pkg/lib/go_to_pose_pkg/first_publisher" to ""
[3.499s] -- Installing: /home/deadsec/robotics_development/install/go_to_pose_pkg/share/ament_index/resource_index/package_run_dependencies/go_to_pose_pkg
[3.500s] -- Installing: /home/deadsec/robotics_development/install/go_to_pose_pkg/share/ament_index/resource_index/parent_prefix_path/go_to_pose_pkg
[3.500s] -- Installing: /home/deadsec/robotics_development/install/go_to_pose_pkg/share/go_to_pose_pkg/environment/ament_prefix_path.sh
[3.500s] -- Installing: /home/deadsec/robotics_development/install/go_to_pose_pkg/share/go_to_pose_pkg/environment/ament_prefix_path.dsv
[3.500s] -- Installing: /home/deadsec/robotics_development/install/go_to_pose_pkg/share/go_to_pose_pkg/environment/path.sh
[3.500s] -- Installing: /home/deadsec/robotics_development/install/go_to_pose_pkg/share/go_to_pose_pkg/environment/path.dsv
[3.500s] -- Installing: /home/deadsec/robotics_development/install/go_to_pose_pkg/share/go_to_pose_pkg/local_setup.bash
[3.500s] -- Installing: /home/deadsec/robotics_development/install/go_to_pose_pkg/share/go_to_pose_pkg/local_setup.sh
[3.500s] -- Installing: /home/deadsec/robotics_development/install/go_to_pose_pkg/share/go_to_pose_pkg/local_setup.zsh
[3.500s] -- Installing: /home/deadsec/robotics_development/install/go_to_pose_pkg/share/go_to_pose_pkg/local_setup.dsv
[3.500s] -- Installing: /home/deadsec/robotics_development/install/go_to_pose_pkg/share/go_to_pose_pkg/package.dsv
[3.500s] -- Installing: /home/deadsec/robotics_development/install/go_to_pose_pkg/share/ament_index/resource_index/packages/go_to_pose_pkg
[3.501s] -- Installing: /home/deadsec/robotics_development/install/go_to_pose_pkg/share/go_to_pose_pkg/cmake/go_to_pose_pkgConfig.cmake
[3.501s] -- Installing: /home/deadsec/robotics_development/install/go_to_pose_pkg/share/go_to_pose_pkg/cmake/go_to_pose_pkgConfig-version.cmake
[3.501s] -- Installing: /home/deadsec/robotics_development/install/go_to_pose_pkg/share/go_to_pose_pkg/package.xml
[3.502s] Invoked command in '/home/deadsec/robotics_development/build/go_to_pose_pkg' returned '0': CMAKE_PREFIX_PATH=${CMAKE_PREFIX_PATH}:/opt/ros/jazzy DEBUGINFOD_URLS=https://debuginfod.ubuntu.com /usr/bin/cmake --install /home/deadsec/robotics_development/build/go_to_pose_pkg
