[0.007s] Invoking command in '/home/deadsec/robotics_development/build/go_to_pose_pkg': CMAKE_PREFIX_PATH=${CMAKE_PREFIX_PATH}:/opt/ros/jazzy DEBUGINFOD_URLS=https://debuginfod.ubuntu.com /usr/bin/cmake --build /home/deadsec/robotics_development/build/go_to_pose_pkg -- -j24 -l24
[0.081s] [ 33%] Built target first_publisher
[0.083s] [ 83%] Built target pose_subscriber
[0.083s] [ 83%] [32mBuilding CXX object CMakeFiles/controller_node.dir/src/controller_node.cpp.o[0m
[4.783s] [100%] [32m[1mLinking CXX executable controller_node[0m
[5.220s] [100%] Built target controller_node
[5.228s] Invoked command in '/home/deadsec/robotics_development/build/go_to_pose_pkg' returned '0': CMAKE_PREFIX_PATH=${CMAKE_PREFIX_PATH}:/opt/ros/jazzy DEBUGINFOD_URLS=https://debuginfod.ubuntu.com /usr/bin/cmake --build /home/deadsec/robotics_development/build/go_to_pose_pkg -- -j24 -l24
[5.237s] Invoking command in '/home/deadsec/robotics_development/build/go_to_pose_pkg': CMAKE_PREFIX_PATH=${CMAKE_PREFIX_PATH}:/opt/ros/jazzy DEBUGINFOD_URLS=https://debuginfod.ubuntu.com /usr/bin/cmake --install /home/deadsec/robotics_development/build/go_to_pose_pkg
[5.247s] -- Install configuration: ""
[5.247s] -- Up-to-date: /home/deadsec/robotics_development/install/go_to_pose_pkg/lib/go_to_pose_pkg/first_publisher
[5.248s] -- Up-to-date: /home/deadsec/robotics_development/install/go_to_pose_pkg/lib/go_to_pose_pkg/pose_subscriber
[5.249s] -- Installing: /home/deadsec/robotics_development/install/go_to_pose_pkg/lib/go_to_pose_pkg/controller_node
[5.254s] -- Set non-toolchain portion of runtime path of "/home/deadsec/robotics_development/install/go_to_pose_pkg/lib/go_to_pose_pkg/controller_node" to ""
[5.254s] -- Up-to-date: /home/deadsec/robotics_development/install/go_to_pose_pkg/share/ament_index/resource_index/package_run_dependencies/go_to_pose_pkg
[5.255s] -- Up-to-date: /home/deadsec/robotics_development/install/go_to_pose_pkg/share/ament_index/resource_index/parent_prefix_path/go_to_pose_pkg
[5.255s] -- Up-to-date: /home/deadsec/robotics_development/install/go_to_pose_pkg/share/go_to_pose_pkg/environment/ament_prefix_path.sh
[5.255s] -- Up-to-date: /home/deadsec/robotics_development/install/go_to_pose_pkg/share/go_to_pose_pkg/environment/ament_prefix_path.dsv
[5.255s] -- Up-to-date: /home/deadsec/robotics_development/install/go_to_pose_pkg/share/go_to_pose_pkg/environment/path.sh
[5.255s] -- Up-to-date: /home/deadsec/robotics_development/install/go_to_pose_pkg/share/go_to_pose_pkg/environment/path.dsv
[5.255s] -- Up-to-date: /home/deadsec/robotics_development/install/go_to_pose_pkg/share/go_to_pose_pkg/local_setup.bash
[5.255s] -- Up-to-date: /home/deadsec/robotics_development/install/go_to_pose_pkg/share/go_to_pose_pkg/local_setup.sh
[5.255s] -- Up-to-date: /home/deadsec/robotics_development/install/go_to_pose_pkg/share/go_to_pose_pkg/local_setup.zsh
[5.255s] -- Up-to-date: /home/deadsec/robotics_development/install/go_to_pose_pkg/share/go_to_pose_pkg/local_setup.dsv
[5.256s] -- Installing: /home/deadsec/robotics_development/install/go_to_pose_pkg/share/go_to_pose_pkg/package.dsv
[5.256s] -- Up-to-date: /home/deadsec/robotics_development/install/go_to_pose_pkg/share/ament_index/resource_index/packages/go_to_pose_pkg
[5.256s] -- Up-to-date: /home/deadsec/robotics_development/install/go_to_pose_pkg/share/go_to_pose_pkg/cmake/go_to_pose_pkgConfig.cmake
[5.256s] -- Up-to-date: /home/deadsec/robotics_development/install/go_to_pose_pkg/share/go_to_pose_pkg/cmake/go_to_pose_pkgConfig-version.cmake
[5.256s] -- Up-to-date: /home/deadsec/robotics_development/install/go_to_pose_pkg/share/go_to_pose_pkg/package.xml
[5.258s] Invoked command in '/home/deadsec/robotics_development/build/go_to_pose_pkg' returned '0': CMAKE_PREFIX_PATH=${CMAKE_PREFIX_PATH}:/opt/ros/jazzy DEBUGINFOD_URLS=https://debuginfod.ubuntu.com /usr/bin/cmake --install /home/deadsec/robotics_development/build/go_to_pose_pkg
