[0.006s] Invoking command in '/home/deadsec/robotics_development/build/go_to_pose_pkg': CMAKE_PREFIX_PATH=${CMAKE_PREFIX_PATH}:/opt/ros/jazzy DEBUGINFOD_URLS=https://debuginfod.ubuntu.com /usr/bin/cmake --build /home/deadsec/robotics_development/build/go_to_pose_pkg -- -j24 -l24
[0.031s] -- Found ament_cmake: 2.5.6 (/opt/ros/jazzy/share/ament_cmake/cmake)
[0.175s] -- Found rclcpp: 28.1.18 (/opt/ros/jazzy/share/rclcpp/cmake)
[0.198s] -- Found rosidl_generator_c: 4.6.7 (/opt/ros/jazzy/share/rosidl_generator_c/cmake)
[0.204s] -- Found rosidl_generator_cpp: 4.6.7 (/opt/ros/jazzy/share/rosidl_generator_cpp/cmake)
[0.213s] -- Using all available rosidl_typesupport_c: rosidl_typesupport_fastrtps_c;rosidl_typesupport_introspection_c
[0.223s] -- Using all available rosidl_typesupport_cpp: rosidl_typesupport_fastrtps_cpp;rosidl_typesupport_introspection_cpp
[0.265s] -- Found rmw_implementation_cmake: 7.3.3 (/opt/ros/jazzy/share/rmw_implementation_cmake/cmake)
[0.266s] -- Found rmw_fastrtps_cpp: 8.4.3 (/opt/ros/jazzy/share/rmw_fastrtps_cpp/cmake)
[0.318s] -- Using RMW implementation 'rmw_fastrtps_cpp' as default
[0.361s] -- Found geometry_msgs: 5.3.7 (/opt/ros/jazzy/share/geometry_msgs/cmake)
[0.381s] -- Found turtlesim: 1.8.3 (/opt/ros/jazzy/share/turtlesim/cmake)
[0.415s] -- Found ament_lint_auto: 0.17.5 (/opt/ros/jazzy/share/ament_lint_auto/cmake)
[0.478s] -- Added test 'cppcheck' to perform static code analysis on C / C++ code
[0.478s] -- Configured cppcheck include dirs: 
[0.478s] -- Configured cppcheck exclude dirs and/or files: 
[0.478s] -- Added test 'lint_cmake' to check CMake code style
[0.479s] -- Added test 'uncrustify' to check C / C++ code style
[0.479s] -- Configured uncrustify additional arguments: 
[0.479s] -- Added test 'xmllint' to check XML markup files
[0.480s] -- Configuring done (0.5s)
[0.493s] -- Generating done (0.0s)
[0.497s] -- Build files have been written to: /home/deadsec/robotics_development/build/go_to_pose_pkg
[0.539s] [ 16%] [32mBuilding CXX object CMakeFiles/first_publisher.dir/src/first_publisher.cpp.o[0m
[0.540s] [ 33%] [32mBuilding CXX object CMakeFiles/pose_subscriber.dir/src/pose_subscriber.cpp.o[0m
[0.543s] [ 50%] [32mBuilding CXX object CMakeFiles/controller_node.dir/src/controller_node.cpp.o[0m
[2.792s] [ 66%] [32m[1mLinking CXX executable first_publisher[0m
[2.895s] [ 66%] Built target first_publisher
[4.361s] [ 83%] [32m[1mLinking CXX executable pose_subscriber[0m
[4.506s] [ 83%] Built target pose_subscriber
[4.755s] [100%] [32m[1mLinking CXX executable controller_node[0m
[4.922s] [100%] Built target controller_node
[4.933s] Invoked command in '/home/deadsec/robotics_development/build/go_to_pose_pkg' returned '0': CMAKE_PREFIX_PATH=${CMAKE_PREFIX_PATH}:/opt/ros/jazzy DEBUGINFOD_URLS=https://debuginfod.ubuntu.com /usr/bin/cmake --build /home/deadsec/robotics_development/build/go_to_pose_pkg -- -j24 -l24
[4.945s] Invoking command in '/home/deadsec/robotics_development/build/go_to_pose_pkg': CMAKE_PREFIX_PATH=${CMAKE_PREFIX_PATH}:/opt/ros/jazzy DEBUGINFOD_URLS=https://debuginfod.ubuntu.com /usr/bin/cmake --install /home/deadsec/robotics_development/build/go_to_pose_pkg
[4.959s] -- Install configuration: ""
[4.959s] -- Installing: /home/deadsec/robotics_development/install/go_to_pose_pkg/lib/go_to_pose_pkg/first_publisher
[4.961s] -- Set non-toolchain portion of runtime path of "/home/deadsec/robotics_development/install/go_to_pose_pkg/lib/go_to_pose_pkg/first_publisher" to ""
[4.961s] -- Installing: /home/deadsec/robotics_development/install/go_to_pose_pkg/lib/go_to_pose_pkg/pose_subscriber
[4.967s] -- Set non-toolchain portion of runtime path of "/home/deadsec/robotics_development/install/go_to_pose_pkg/lib/go_to_pose_pkg/pose_subscriber" to ""
[4.967s] -- Installing: /home/deadsec/robotics_development/install/go_to_pose_pkg/lib/go_to_pose_pkg/controller_node
[4.971s] -- Set non-toolchain portion of runtime path of "/home/deadsec/robotics_development/install/go_to_pose_pkg/lib/go_to_pose_pkg/controller_node" to ""
[4.971s] -- Up-to-date: /home/deadsec/robotics_development/install/go_to_pose_pkg/share/ament_index/resource_index/package_run_dependencies/go_to_pose_pkg
[4.971s] -- Installing: /home/deadsec/robotics_development/install/go_to_pose_pkg/share/ament_index/resource_index/parent_prefix_path/go_to_pose_pkg
[4.971s] -- Installing: /home/deadsec/robotics_development/install/go_to_pose_pkg/share/go_to_pose_pkg/environment/ament_prefix_path.sh
[4.971s] -- Up-to-date: /home/deadsec/robotics_development/install/go_to_pose_pkg/share/go_to_pose_pkg/environment/ament_prefix_path.dsv
[4.972s] -- Installing: /home/deadsec/robotics_development/install/go_to_pose_pkg/share/go_to_pose_pkg/environment/path.sh
[4.972s] -- Up-to-date: /home/deadsec/robotics_development/install/go_to_pose_pkg/share/go_to_pose_pkg/environment/path.dsv
[4.972s] -- Up-to-date: /home/deadsec/robotics_development/install/go_to_pose_pkg/share/go_to_pose_pkg/local_setup.bash
[4.972s] -- Up-to-date: /home/deadsec/robotics_development/install/go_to_pose_pkg/share/go_to_pose_pkg/local_setup.sh
[4.972s] -- Up-to-date: /home/deadsec/robotics_development/install/go_to_pose_pkg/share/go_to_pose_pkg/local_setup.zsh
[4.972s] -- Up-to-date: /home/deadsec/robotics_development/install/go_to_pose_pkg/share/go_to_pose_pkg/local_setup.dsv
[4.972s] -- Up-to-date: /home/deadsec/robotics_development/install/go_to_pose_pkg/share/go_to_pose_pkg/package.dsv
[4.972s] -- Up-to-date: /home/deadsec/robotics_development/install/go_to_pose_pkg/share/ament_index/resource_index/packages/go_to_pose_pkg
[4.972s] -- Up-to-date: /home/deadsec/robotics_development/install/go_to_pose_pkg/share/go_to_pose_pkg/cmake/go_to_pose_pkgConfig.cmake
[4.972s] -- Up-to-date: /home/deadsec/robotics_development/install/go_to_pose_pkg/share/go_to_pose_pkg/cmake/go_to_pose_pkgConfig-version.cmake
[4.972s] -- Up-to-date: /home/deadsec/robotics_development/install/go_to_pose_pkg/share/go_to_pose_pkg/package.xml
[4.973s] Invoked command in '/home/deadsec/robotics_development/build/go_to_pose_pkg' returned '0': CMAKE_PREFIX_PATH=${CMAKE_PREFIX_PATH}:/opt/ros/jazzy DEBUGINFOD_URLS=https://debuginfod.ubuntu.com /usr/bin/cmake --install /home/deadsec/robotics_development/build/go_to_pose_pkg
