-- The C compiler identification is GNU 13.3.0
-- The CXX compiler identification is GNU 13.3.0
-- Detecting C compiler ABI info
-- Detecting C compiler ABI info - done
-- Check for working C compiler: /usr/bin/cc - skipped
-- Detecting C compile features
-- Detecting C compile features - done
-- Detecting CXX compiler ABI info
-- Detecting CXX compiler ABI info - done
-- Check for working CXX compiler: /usr/bin/c++ - skipped
-- Detecting CXX compile features
-- Detecting CXX compile features - done
-- Found ament_cmake: 2.5.6 (/opt/ros/jazzy/share/ament_cmake/cmake)
-- Found Python3: /usr/bin/python3 (found version "3.12.3") found components: Interpreter 
-- Found rclcpp: 28.1.21 (/opt/ros/jazzy/share/rclcpp/cmake)
-- Found rosidl_generator_c: 4.6.9 (/opt/ros/jazzy/share/rosidl_generator_c/cmake)
-- Found rosidl_generator_cpp: 4.6.9 (/opt/ros/jazzy/share/rosidl_generator_cpp/cmake)
-- Using all available rosidl_typesupport_c: rosidl_typesupport_fastrtps_c;rosidl_typesupport_introspection_c
-- Using all available rosidl_typesupport_cpp: rosidl_typesupport_fastrtps_cpp;rosidl_typesupport_introspection_cpp
-- Found rmw_implementation_cmake: 7.3.3 (/opt/ros/jazzy/share/rmw_implementation_cmake/cmake)
-- Found rmw_fastrtps_cpp: 8.4.4 (/opt/ros/jazzy/share/rmw_fastrtps_cpp/cmake)
-- Found OpenSSL: /usr/lib/x86_64-linux-gnu/libcrypto.so (found version "3.0.13")  
-- Found FastRTPS: /opt/ros/jazzy/include (Required is at least version "2.13") 
-- Using RMW implementation 'rmw_fastrtps_cpp' as default
-- Found rclcpp_action: 28.1.21 (/opt/ros/jazzy/share/rclcpp_action/cmake)
-- Found geometry_msgs: 5.3.8 (/opt/ros/jazzy/share/geometry_msgs/cmake)
-- Found nav2_msgs: 1.3.12 (/opt/ros/jazzy/share/nav2_msgs/cmake)
-- Found rosidl_default_generators: 1.6.1 (/opt/ros/jazzy/share/rosidl_default_generators/cmake)
-- Found rosidl_adapter: 4.6.9 (/opt/ros/jazzy/share/rosidl_adapter/cmake)
-- Found ament_cmake_ros: 0.12.1 (/opt/ros/jazzy/share/ament_cmake_ros/cmake)
-- Using all available rosidl_typesupport_c: rosidl_typesupport_fastrtps_c;rosidl_typesupport_introspection_c
-- Using all available rosidl_typesupport_cpp: rosidl_typesupport_fastrtps_cpp;rosidl_typesupport_introspection_cpp
-- Found python_cmake_module: 0.11.1 (/opt/ros/jazzy/share/python_cmake_module/cmake)
-- Found PythonExtra: /usr/bin/python3  
-- Found Python3: /usr/bin/python3 (found version "3.12.3") found components: Interpreter Development NumPy Development.Module Development.Embed 
-- Found Python3: /usr/bin/python3 (found version "3.12.3") found components: Interpreter 
-- Found ament_lint_auto: 0.17.5 (/opt/ros/jazzy/share/ament_lint_auto/cmake)
-- Found gtest sources under '/opt/ros/jazzy/src/gtest_vendor': C++ tests using 'Google Test' will be built
-- Performing Test CMAKE_HAVE_LIBC_PTHREAD
-- Performing Test CMAKE_HAVE_LIBC_PTHREAD - Success
-- Found Threads: TRUE  
-- Added test 'cppcheck' to perform static code analysis on C / C++ code
-- Configured cppcheck include dirs: $<BUILD_INTERFACE:/home/deadsec/ros2_ws/src/robotics_development/autonomous_navigation/build/autonomous_navigation/rosidl_generator_c>;$<BUILD_INTERFACE:/home/deadsec/ros2_ws/src/robotics_development/autonomous_navigation/build/autonomous_navigation/rosidl_typesupport_fastrtps_c>;$<BUILD_INTERFACE:/home/deadsec/ros2_ws/src/robotics_development/autonomous_navigation/build/autonomous_navigation/rosidl_generator_cpp>;$<BUILD_INTERFACE:/home/deadsec/ros2_ws/src/robotics_development/autonomous_navigation/build/autonomous_navigation/rosidl_typesupport_fastrtps_cpp>;$<BUILD_INTERFACE:/home/deadsec/ros2_ws/src/robotics_development/autonomous_navigation/build/autonomous_navigation/rosidl_typesupport_introspection_c>;$<BUILD_INTERFACE:/home/deadsec/ros2_ws/src/robotics_development/autonomous_navigation/build/autonomous_navigation/rosidl_typesupport_introspection_cpp>;/home/deadsec/ros2_ws/src/robotics_development/autonomous_navigation/build/autonomous_navigation/rosidl_generator_c;/home/deadsec/ros2_ws/src/robotics_development/autonomous_navigation/build/autonomous_navigation/rosidl_generator_py;$<BUILD_INTERFACE:/home/deadsec/ros2_ws/src/robotics_development/autonomous_navigation/include>
-- Configured cppcheck exclude dirs and/or files: 
-- Added test 'flake8' to check Python code syntax and style conventions
-- Configured 'flake8' exclude dirs and/or files: 
-- Added test 'lint_cmake' to check CMake code style
-- Added test 'pep257' to check Python code against some of the docstring style conventions in PEP 257
-- Added test 'uncrustify' to check C / C++ code style
-- Configured uncrustify additional arguments: 
-- Added test 'xmllint' to check XML markup files
-- Configuring done (2.7s)
-- Generating done (0.0s)
-- Build files have been written to: /home/deadsec/ros2_ws/src/robotics_development/autonomous_navigation/build/autonomous_navigation
[  2%] [32mBuilding CXX object gtest/CMakeFiles/gtest_main.dir/src/gtest_main.cc.o[0m
[  4%] [32mBuilding CXX object gtest/CMakeFiles/gtest.dir/src/gtest-all.cc.o[0m
[  6%] [34m[1mGenerating type hashes for ROS interfaces[0m
[ 11%] [34m[1mGenerating Rust code for ROS interfaces[0m
[ 11%] [32mBuilding CXX object CMakeFiles/simple_velocity_smoother.dir/src/simple_velocity_smoother.cpp.o[0m
[ 11%] Built target ament_cmake_python_copy_autonomous_navigation
[ 11%] Built target autonomous_navigation__rosidl_generator_type_description
running egg_info
creating autonomous_navigation.egg-info
[ 13%] [34m[1mGenerating C code for ROS interfaces[0m
writing autonomous_navigation.egg-info/PKG-INFO
writing dependency_links to autonomous_navigation.egg-info/dependency_links.txt
writing top-level names to autonomous_navigation.egg-info/top_level.txt
writing manifest file 'autonomous_navigation.egg-info/SOURCES.txt'
[ 15%] [34m[1mGenerating C++ code for ROS interfaces[0m
[ 15%] Built target autonomous_navigation__rs
reading manifest file 'autonomous_navigation.egg-info/SOURCES.txt'
writing manifest file 'autonomous_navigation.egg-info/SOURCES.txt'
[ 15%] Built target ament_cmake_python_build_autonomous_navigation_egg
[ 17%] [32mBuilding C object CMakeFiles/autonomous_navigation__rosidl_generator_c.dir/rosidl_generator_c/autonomous_navigation/msg/detail/navigation_command__functions.c.o[0m
[ 20%] [32mBuilding C object CMakeFiles/autonomous_navigation__rosidl_generator_c.dir/rosidl_generator_c/autonomous_navigation/msg/detail/navigation_command__description.c.o[0m
[ 22%] [32mBuilding C object CMakeFiles/autonomous_navigation__rosidl_generator_c.dir/rosidl_generator_c/autonomous_navigation/msg/detail/navigation_command__type_support.c.o[0m
[ 22%] Built target autonomous_navigation__cpp
[ 24%] [32m[1mLinking C shared library libautonomous_navigation__rosidl_generator_c.so[0m
[ 24%] Built target autonomous_navigation__rosidl_generator_c
[ 31%] [34m[1mGenerating C++ type support dispatch for ROS interfaces[0m
[ 31%] [34m[1mGenerating C++ introspection for ROS interfaces[0m
[ 31%] [34m[1mGenerating C type support dispatch for ROS interfaces[0m
[ 33%] [34m[1mGenerating C++ type support for eProsima Fast-RTPS[0m
[ 37%] [34m[1mGenerating C type support for eProsima Fast-RTPS[0m
[ 37%] [34m[1mGenerating C introspection for ROS interfaces[0m
[ 40%] [32mBuilding CXX object CMakeFiles/autonomous_navigation__rosidl_typesupport_cpp.dir/rosidl_typesupport_cpp/autonomous_navigation/msg/navigation_command__type_support.cpp.o[0m
[ 42%] [32mBuilding CXX object CMakeFiles/autonomous_navigation__rosidl_typesupport_c.dir/rosidl_typesupport_c/autonomous_navigation/msg/navigation_command__type_support.cpp.o[0m
[ 44%] [32m[1mLinking CXX static library libgtest_main.a[0m
[ 46%] [32mBuilding CXX object CMakeFiles/autonomous_navigation__rosidl_typesupport_introspection_cpp.dir/rosidl_typesupport_introspection_cpp/autonomous_navigation/msg/detail/navigation_command__type_support.cpp.o[0m
[ 51%] [32mBuilding CXX object CMakeFiles/autonomous_navigation__rosidl_typesupport_fastrtps_cpp.dir/rosidl_typesupport_fastrtps_cpp/autonomous_navigation/msg/detail/dds_fastrtps/navigation_command__type_support.cpp.o[0m
[ 51%] [32m[1mLinking CXX shared library libautonomous_navigation__rosidl_typesupport_c.so[0m
[ 51%] Built target gtest_main
[ 51%] Built target autonomous_navigation__rosidl_typesupport_c
[ 53%] [32mBuilding CXX object CMakeFiles/autonomous_navigation__rosidl_typesupport_fastrtps_c.dir/rosidl_typesupport_fastrtps_c/autonomous_navigation/msg/detail/navigation_command__type_support_c.cpp.o[0m
[ 55%] [32mBuilding C object CMakeFiles/autonomous_navigation__rosidl_typesupport_introspection_c.dir/rosidl_typesupport_introspection_c/autonomous_navigation/msg/detail/navigation_command__type_support.c.o[0m
[ 57%] [32m[1mLinking C shared library libautonomous_navigation__rosidl_typesupport_introspection_c.so[0m
[ 60%] [32m[1mLinking CXX shared library libautonomous_navigation__rosidl_typesupport_cpp.so[0m
[ 60%] Built target autonomous_navigation__rosidl_typesupport_introspection_c
[ 60%] Built target autonomous_navigation__rosidl_typesupport_cpp
[ 62%] [32m[1mLinking CXX shared library libautonomous_navigation__rosidl_typesupport_introspection_cpp.so[0m
[ 62%] Built target autonomous_navigation__rosidl_typesupport_introspection_cpp
[ 64%] [32m[1mLinking CXX shared library libautonomous_navigation__rosidl_typesupport_fastrtps_cpp.so[0m
[ 66%] [32m[1mLinking CXX shared library libautonomous_navigation__rosidl_typesupport_fastrtps_c.so[0m
[ 66%] Built target autonomous_navigation__rosidl_typesupport_fastrtps_cpp
[ 66%] Built target autonomous_navigation__rosidl_typesupport_fastrtps_c
[ 66%] Built target autonomous_navigation
[ 68%] [34m[1mGenerating Python code for ROS interfaces[0m
[ 71%] [32mBuilding CXX object CMakeFiles/nav2_manager_core.dir/src/nav2_manager.cpp.o[0m
[ 71%] Built target autonomous_navigation__py
[ 73%] [32mBuilding C object CMakeFiles/autonomous_navigation__rosidl_generator_py.dir/rosidl_generator_py/autonomous_navigation/msg/_navigation_command_s.c.o[0m
[ 75%] [32m[1mLinking C shared library libautonomous_navigation__rosidl_generator_py.so[0m
[ 75%] Built target autonomous_navigation__rosidl_generator_py
[ 77%] [32mBuilding C object CMakeFiles/autonomous_navigation_s__rosidl_typesupport_introspection_c.dir/rosidl_generator_py/autonomous_navigation/_autonomous_navigation_s.ep.rosidl_typesupport_introspection_c.c.o[0m
[ 80%] [32mBuilding C object CMakeFiles/autonomous_navigation_s__rosidl_typesupport_c.dir/rosidl_generator_py/autonomous_navigation/_autonomous_navigation_s.ep.rosidl_typesupport_c.c.o[0m
[ 82%] [32mBuilding C object CMakeFiles/autonomous_navigation_s__rosidl_typesupport_fastrtps_c.dir/rosidl_generator_py/autonomous_navigation/_autonomous_navigation_s.ep.rosidl_typesupport_fastrtps_c.c.o[0m
[ 86%] [32m[1mLinking C shared module rosidl_generator_py/autonomous_navigation/autonomous_navigation_s__rosidl_typesupport_c.so[0m
[ 86%] [32m[1mLinking C shared module rosidl_generator_py/autonomous_navigation/autonomous_navigation_s__rosidl_typesupport_fastrtps_c.so[0m
[ 88%] [32m[1mLinking C shared module rosidl_generator_py/autonomous_navigation/autonomous_navigation_s__rosidl_typesupport_introspection_c.so[0m
[ 88%] Built target autonomous_navigation_s__rosidl_typesupport_fastrtps_c
[ 88%] Built target autonomous_navigation_s__rosidl_typesupport_c
[ 88%] Built target autonomous_navigation_s__rosidl_typesupport_introspection_c
[ 91%] [32m[1mLinking CXX static library libgtest.a[0m
[ 91%] Built target gtest
[ 93%] [32m[1mLinking CXX executable simple_velocity_smoother[0m
[ 93%] Built target simple_velocity_smoother
[ 95%] [32m[1mLinking CXX shared library libnav2_manager_core.so[0m
[ 95%] Built target nav2_manager_core
[ 97%] [32mBuilding CXX object CMakeFiles/test_nav2_manager.dir/test/test_nav2_manager.cpp.o[0m
[100%] [32m[1mLinking CXX executable test_nav2_manager[0m
[100%] Built target test_nav2_manager
-- Install configuration: ""
-- Installing: /home/deadsec/ros2_ws/src/robotics_development/autonomous_navigation/install/autonomous_navigation/share/ament_index/resource_index/rosidl_interfaces/autonomous_navigation
-- Installing: /home/deadsec/ros2_ws/src/robotics_development/autonomous_navigation/install/autonomous_navigation/share/autonomous_navigation/msg/NavigationCommand.json
-- Installing: /home/deadsec/ros2_ws/src/robotics_development/autonomous_navigation/install/autonomous_navigation/include/autonomous_navigation/autonomous_navigation
-- Installing: /home/deadsec/ros2_ws/src/robotics_development/autonomous_navigation/install/autonomous_navigation/include/autonomous_navigation/autonomous_navigation/msg
-- Installing: /home/deadsec/ros2_ws/src/robotics_development/autonomous_navigation/install/autonomous_navigation/include/autonomous_navigation/autonomous_navigation/msg/detail
-- Installing: /home/deadsec/ros2_ws/src/robotics_development/autonomous_navigation/install/autonomous_navigation/include/autonomous_navigation/autonomous_navigation/msg/detail/navigation_command__type_support.h
-- Installing: /home/deadsec/ros2_ws/src/robotics_development/autonomous_navigation/install/autonomous_navigation/include/autonomous_navigation/autonomous_navigation/msg/detail/navigation_command__type_support.c
-- Installing: /home/deadsec/ros2_ws/src/robotics_development/autonomous_navigation/install/autonomous_navigation/include/autonomous_navigation/autonomous_navigation/msg/detail/navigation_command__struct.h
-- Installing: /home/deadsec/ros2_ws/src/robotics_development/autonomous_navigation/install/autonomous_navigation/include/autonomous_navigation/autonomous_navigation/msg/detail/navigation_command__description.c
-- Installing: /home/deadsec/ros2_ws/src/robotics_development/autonomous_navigation/install/autonomous_navigation/include/autonomous_navigation/autonomous_navigation/msg/detail/navigation_command__functions.c
-- Installing: /home/deadsec/ros2_ws/src/robotics_development/autonomous_navigation/install/autonomous_navigation/include/autonomous_navigation/autonomous_navigation/msg/detail/navigation_command__functions.h
-- Installing: /home/deadsec/ros2_ws/src/robotics_development/autonomous_navigation/install/autonomous_navigation/include/autonomous_navigation/autonomous_navigation/msg/navigation_command.h
-- Installing: /home/deadsec/ros2_ws/src/robotics_development/autonomous_navigation/install/autonomous_navigation/include/autonomous_navigation/autonomous_navigation/msg/rosidl_generator_c__visibility_control.h
-- Installing: /home/deadsec/ros2_ws/src/robotics_development/autonomous_navigation/install/autonomous_navigation/share/autonomous_navigation/environment/library_path.sh
-- Installing: /home/deadsec/ros2_ws/src/robotics_development/autonomous_navigation/install/autonomous_navigation/share/autonomous_navigation/environment/library_path.dsv
-- Installing: /home/deadsec/ros2_ws/src/robotics_development/autonomous_navigation/install/autonomous_navigation/lib/libautonomous_navigation__rosidl_generator_c.so
-- Set non-toolchain portion of runtime path of "/home/deadsec/ros2_ws/src/robotics_development/autonomous_navigation/install/autonomous_navigation/lib/libautonomous_navigation__rosidl_generator_c.so" to ""
-- Up-to-date: /home/deadsec/ros2_ws/src/robotics_development/autonomous_navigation/install/autonomous_navigation/include/autonomous_navigation/autonomous_navigation
-- Up-to-date: /home/deadsec/ros2_ws/src/robotics_development/autonomous_navigation/install/autonomous_navigation/include/autonomous_navigation/autonomous_navigation/msg
-- Up-to-date: /home/deadsec/ros2_ws/src/robotics_development/autonomous_navigation/install/autonomous_navigation/include/autonomous_navigation/autonomous_navigation/msg/detail
-- Installing: /home/deadsec/ros2_ws/src/robotics_development/autonomous_navigation/install/autonomous_navigation/include/autonomous_navigation/autonomous_navigation/msg/detail/navigation_command__rosidl_typesupport_fastrtps_c.h
-- Installing: /home/deadsec/ros2_ws/src/robotics_development/autonomous_navigation/install/autonomous_navigation/include/autonomous_navigation/autonomous_navigation/msg/rosidl_typesupport_fastrtps_c__visibility_control.h
-- Installing: /home/deadsec/ros2_ws/src/robotics_development/autonomous_navigation/install/autonomous_navigation/lib/libautonomous_navigation__rosidl_typesupport_fastrtps_c.so
-- Set non-toolchain portion of runtime path of "/home/deadsec/ros2_ws/src/robotics_development/autonomous_navigation/install/autonomous_navigation/lib/libautonomous_navigation__rosidl_typesupport_fastrtps_c.so" to ""
-- Up-to-date: /home/deadsec/ros2_ws/src/robotics_development/autonomous_navigation/install/autonomous_navigation/include/autonomous_navigation/autonomous_navigation
-- Up-to-date: /home/deadsec/ros2_ws/src/robotics_development/autonomous_navigation/install/autonomous_navigation/include/autonomous_navigation/autonomous_navigation/msg
-- Up-to-date: /home/deadsec/ros2_ws/src/robotics_development/autonomous_navigation/install/autonomous_navigation/include/autonomous_navigation/autonomous_navigation/msg/detail
-- Installing: /home/deadsec/ros2_ws/src/robotics_development/autonomous_navigation/install/autonomous_navigation/include/autonomous_navigation/autonomous_navigation/msg/detail/navigation_command__struct.hpp
-- Installing: /home/deadsec/ros2_ws/src/robotics_development/autonomous_navigation/install/autonomous_navigation/include/autonomous_navigation/autonomous_navigation/msg/detail/navigation_command__builder.hpp
-- Installing: /home/deadsec/ros2_ws/src/robotics_development/autonomous_navigation/install/autonomous_navigation/include/autonomous_navigation/autonomous_navigation/msg/detail/navigation_command__type_support.hpp
-- Installing: /home/deadsec/ros2_ws/src/robotics_development/autonomous_navigation/install/autonomous_navigation/include/autonomous_navigation/autonomous_navigation/msg/detail/navigation_command__traits.hpp
-- Installing: /home/deadsec/ros2_ws/src/robotics_development/autonomous_navigation/install/autonomous_navigation/include/autonomous_navigation/autonomous_navigation/msg/rosidl_generator_cpp__visibility_control.hpp
-- Installing: /home/deadsec/ros2_ws/src/robotics_development/autonomous_navigation/install/autonomous_navigation/include/autonomous_navigation/autonomous_navigation/msg/navigation_command.hpp
-- Up-to-date: /home/deadsec/ros2_ws/src/robotics_development/autonomous_navigation/install/autonomous_navigation/include/autonomous_navigation/autonomous_navigation
-- Up-to-date: /home/deadsec/ros2_ws/src/robotics_development/autonomous_navigation/install/autonomous_navigation/include/autonomous_navigation/autonomous_navigation/msg
-- Up-to-date: /home/deadsec/ros2_ws/src/robotics_development/autonomous_navigation/install/autonomous_navigation/include/autonomous_navigation/autonomous_navigation/msg/detail
-- Installing: /home/deadsec/ros2_ws/src/robotics_development/autonomous_navigation/install/autonomous_navigation/include/autonomous_navigation/autonomous_navigation/msg/detail/navigation_command__rosidl_typesupport_fastrtps_cpp.hpp
-- Installing: /home/deadsec/ros2_ws/src/robotics_development/autonomous_navigation/install/autonomous_navigation/include/autonomous_navigation/autonomous_navigation/msg/detail/dds_fastrtps
-- Installing: /home/deadsec/ros2_ws/src/robotics_development/autonomous_navigation/install/autonomous_navigation/include/autonomous_navigation/autonomous_navigation/msg/rosidl_typesupport_fastrtps_cpp__visibility_control.h
-- Installing: /home/deadsec/ros2_ws/src/robotics_development/autonomous_navigation/install/autonomous_navigation/lib/libautonomous_navigation__rosidl_typesupport_fastrtps_cpp.so
-- Set non-toolchain portion of runtime path of "/home/deadsec/ros2_ws/src/robotics_development/autonomous_navigation/install/autonomous_navigation/lib/libautonomous_navigation__rosidl_typesupport_fastrtps_cpp.so" to ""
-- Up-to-date: /home/deadsec/ros2_ws/src/robotics_development/autonomous_navigation/install/autonomous_navigation/include/autonomous_navigation/autonomous_navigation
-- Up-to-date: /home/deadsec/ros2_ws/src/robotics_development/autonomous_navigation/install/autonomous_navigation/include/autonomous_navigation/autonomous_navigation/msg
-- Up-to-date: /home/deadsec/ros2_ws/src/robotics_development/autonomous_navigation/install/autonomous_navigation/include/autonomous_navigation/autonomous_navigation/msg/detail
-- Installing: /home/deadsec/ros2_ws/src/robotics_development/autonomous_navigation/install/autonomous_navigation/include/autonomous_navigation/autonomous_navigation/msg/detail/navigation_command__type_support.c
-- Installing: /home/deadsec/ros2_ws/src/robotics_development/autonomous_navigation/install/autonomous_navigation/include/autonomous_navigation/autonomous_navigation/msg/detail/navigation_command__rosidl_typesupport_introspection_c.h
-- Installing: /home/deadsec/ros2_ws/src/robotics_development/autonomous_navigation/install/autonomous_navigation/include/autonomous_navigation/autonomous_navigation/msg/rosidl_typesupport_introspection_c__visibility_control.h
-- Installing: /home/deadsec/ros2_ws/src/robotics_development/autonomous_navigation/install/autonomous_navigation/lib/libautonomous_navigation__rosidl_typesupport_introspection_c.so
-- Set non-toolchain portion of runtime path of "/home/deadsec/ros2_ws/src/robotics_development/autonomous_navigation/install/autonomous_navigation/lib/libautonomous_navigation__rosidl_typesupport_introspection_c.so" to ""
-- Installing: /home/deadsec/ros2_ws/src/robotics_development/autonomous_navigation/install/autonomous_navigation/lib/libautonomous_navigation__rosidl_typesupport_c.so
-- Set non-toolchain portion of runtime path of "/home/deadsec/ros2_ws/src/robotics_development/autonomous_navigation/install/autonomous_navigation/lib/libautonomous_navigation__rosidl_typesupport_c.so" to ""
-- Up-to-date: /home/deadsec/ros2_ws/src/robotics_development/autonomous_navigation/install/autonomous_navigation/include/autonomous_navigation/autonomous_navigation
-- Up-to-date: /home/deadsec/ros2_ws/src/robotics_development/autonomous_navigation/install/autonomous_navigation/include/autonomous_navigation/autonomous_navigation/msg
-- Up-to-date: /home/deadsec/ros2_ws/src/robotics_development/autonomous_navigation/install/autonomous_navigation/include/autonomous_navigation/autonomous_navigation/msg/detail
-- Installing: /home/deadsec/ros2_ws/src/robotics_development/autonomous_navigation/install/autonomous_navigation/include/autonomous_navigation/autonomous_navigation/msg/detail/navigation_command__rosidl_typesupport_introspection_cpp.hpp
-- Installing: /home/deadsec/ros2_ws/src/robotics_development/autonomous_navigation/install/autonomous_navigation/include/autonomous_navigation/autonomous_navigation/msg/detail/navigation_command__type_support.cpp
-- Installing: /home/deadsec/ros2_ws/src/robotics_development/autonomous_navigation/install/autonomous_navigation/lib/libautonomous_navigation__rosidl_typesupport_introspection_cpp.so
-- Set non-toolchain portion of runtime path of "/home/deadsec/ros2_ws/src/robotics_development/autonomous_navigation/install/autonomous_navigation/lib/libautonomous_navigation__rosidl_typesupport_introspection_cpp.so" to ""
-- Installing: /home/deadsec/ros2_ws/src/robotics_development/autonomous_navigation/install/autonomous_navigation/lib/libautonomous_navigation__rosidl_typesupport_cpp.so
-- Set non-toolchain portion of runtime path of "/home/deadsec/ros2_ws/src/robotics_development/autonomous_navigation/install/autonomous_navigation/lib/libautonomous_navigation__rosidl_typesupport_cpp.so" to ""
-- Installing: /home/deadsec/ros2_ws/src/robotics_development/autonomous_navigation/install/autonomous_navigation/share/autonomous_navigation/environment/pythonpath.sh
-- Installing: /home/deadsec/ros2_ws/src/robotics_development/autonomous_navigation/install/autonomous_navigation/share/autonomous_navigation/environment/pythonpath.dsv
-- Installing: /home/deadsec/ros2_ws/src/robotics_development/autonomous_navigation/install/autonomous_navigation/lib/python3.12/site-packages/autonomous_navigation-0.0.0-py3.12.egg-info
-- Installing: /home/deadsec/ros2_ws/src/robotics_development/autonomous_navigation/install/autonomous_navigation/lib/python3.12/site-packages/autonomous_navigation-0.0.0-py3.12.egg-info/SOURCES.txt
-- Installing: /home/deadsec/ros2_ws/src/robotics_development/autonomous_navigation/install/autonomous_navigation/lib/python3.12/site-packages/autonomous_navigation-0.0.0-py3.12.egg-info/PKG-INFO
-- Installing: /home/deadsec/ros2_ws/src/robotics_development/autonomous_navigation/install/autonomous_navigation/lib/python3.12/site-packages/autonomous_navigation-0.0.0-py3.12.egg-info/dependency_links.txt
-- Installing: /home/deadsec/ros2_ws/src/robotics_development/autonomous_navigation/install/autonomous_navigation/lib/python3.12/site-packages/autonomous_navigation-0.0.0-py3.12.egg-info/top_level.txt
-- Installing: /home/deadsec/ros2_ws/src/robotics_development/autonomous_navigation/install/autonomous_navigation/lib/python3.12/site-packages/autonomous_navigation
-- Installing: /home/deadsec/ros2_ws/src/robotics_development/autonomous_navigation/install/autonomous_navigation/lib/python3.12/site-packages/autonomous_navigation/autonomous_navigation_s__rosidl_typesupport_c.so
-- Installing: /home/deadsec/ros2_ws/src/robotics_development/autonomous_navigation/install/autonomous_navigation/lib/python3.12/site-packages/autonomous_navigation/msg
-- Installing: /home/deadsec/ros2_ws/src/robotics_development/autonomous_navigation/install/autonomous_navigation/lib/python3.12/site-packages/autonomous_navigation/msg/_navigation_command.py
-- Installing: /home/deadsec/ros2_ws/src/robotics_development/autonomous_navigation/install/autonomous_navigation/lib/python3.12/site-packages/autonomous_navigation/msg/_navigation_command_s.c
-- Installing: /home/deadsec/ros2_ws/src/robotics_development/autonomous_navigation/install/autonomous_navigation/lib/python3.12/site-packages/autonomous_navigation/msg/__init__.py
-- Installing: /home/deadsec/ros2_ws/src/robotics_development/autonomous_navigation/install/autonomous_navigation/lib/python3.12/site-packages/autonomous_navigation/_autonomous_navigation_s.ep.rosidl_typesupport_c.c
-- Installing: /home/deadsec/ros2_ws/src/robotics_development/autonomous_navigation/install/autonomous_navigation/lib/python3.12/site-packages/autonomous_navigation/_autonomous_navigation_s.ep.rosidl_typesupport_introspection_c.c
-- Installing: /home/deadsec/ros2_ws/src/robotics_development/autonomous_navigation/install/autonomous_navigation/lib/python3.12/site-packages/autonomous_navigation/_autonomous_navigation_s.ep.rosidl_typesupport_fastrtps_c.c
-- Installing: /home/deadsec/ros2_ws/src/robotics_development/autonomous_navigation/install/autonomous_navigation/lib/python3.12/site-packages/autonomous_navigation/autonomous_navigation_s__rosidl_typesupport_introspection_c.so
-- Installing: /home/deadsec/ros2_ws/src/robotics_development/autonomous_navigation/install/autonomous_navigation/lib/python3.12/site-packages/autonomous_navigation/autonomous_navigation_s__rosidl_typesupport_fastrtps_c.so
-- Installing: /home/deadsec/ros2_ws/src/robotics_development/autonomous_navigation/install/autonomous_navigation/lib/python3.12/site-packages/autonomous_navigation/__init__.py
Listing '/home/deadsec/ros2_ws/src/robotics_development/autonomous_navigation/install/autonomous_navigation/lib/python3.12/site-packages/autonomous_navigation'...
Compiling '/home/deadsec/ros2_ws/src/robotics_development/autonomous_navigation/install/autonomous_navigation/lib/python3.12/site-packages/autonomous_navigation/__init__.py'...
Listing '/home/deadsec/ros2_ws/src/robotics_development/autonomous_navigation/install/autonomous_navigation/lib/python3.12/site-packages/autonomous_navigation/msg'...
Compiling '/home/deadsec/ros2_ws/src/robotics_development/autonomous_navigation/install/autonomous_navigation/lib/python3.12/site-packages/autonomous_navigation/msg/__init__.py'...
Compiling '/home/deadsec/ros2_ws/src/robotics_development/autonomous_navigation/install/autonomous_navigation/lib/python3.12/site-packages/autonomous_navigation/msg/_navigation_command.py'...
-- Installing: /home/deadsec/ros2_ws/src/robotics_development/autonomous_navigation/install/autonomous_navigation/lib/python3.12/site-packages/autonomous_navigation/autonomous_navigation_s__rosidl_typesupport_fastrtps_c.so
-- Set non-toolchain portion of runtime path of "/home/deadsec/ros2_ws/src/robotics_development/autonomous_navigation/install/autonomous_navigation/lib/python3.12/site-packages/autonomous_navigation/autonomous_navigation_s__rosidl_typesupport_fastrtps_c.so" to ""
-- Installing: /home/deadsec/ros2_ws/src/robotics_development/autonomous_navigation/install/autonomous_navigation/lib/python3.12/site-packages/autonomous_navigation/autonomous_navigation_s__rosidl_typesupport_introspection_c.so
-- Set non-toolchain portion of runtime path of "/home/deadsec/ros2_ws/src/robotics_development/autonomous_navigation/install/autonomous_navigation/lib/python3.12/site-packages/autonomous_navigation/autonomous_navigation_s__rosidl_typesupport_introspection_c.so" to ""
-- Installing: /home/deadsec/ros2_ws/src/robotics_development/autonomous_navigation/install/autonomous_navigation/lib/python3.12/site-packages/autonomous_navigation/autonomous_navigation_s__rosidl_typesupport_c.so
-- Set non-toolchain portion of runtime path of "/home/deadsec/ros2_ws/src/robotics_development/autonomous_navigation/install/autonomous_navigation/lib/python3.12/site-packages/autonomous_navigation/autonomous_navigation_s__rosidl_typesupport_c.so" to ""
-- Installing: /home/deadsec/ros2_ws/src/robotics_development/autonomous_navigation/install/autonomous_navigation/lib/libautonomous_navigation__rosidl_generator_py.so
-- Set non-toolchain portion of runtime path of "/home/deadsec/ros2_ws/src/robotics_development/autonomous_navigation/install/autonomous_navigation/lib/libautonomous_navigation__rosidl_generator_py.so" to ""
-- Installing: /home/deadsec/ros2_ws/src/robotics_development/autonomous_navigation/install/autonomous_navigation/share/ament_index/resource_index/rust_packages/autonomous_navigation
-- Installing: /home/deadsec/ros2_ws/src/robotics_development/autonomous_navigation/install/autonomous_navigation/share/autonomous_navigation/rust
-- Installing: /home/deadsec/ros2_ws/src/robotics_development/autonomous_navigation/install/autonomous_navigation/share/autonomous_navigation/rust/src
-- Installing: /home/deadsec/ros2_ws/src/robotics_development/autonomous_navigation/install/autonomous_navigation/share/autonomous_navigation/rust/src/msg
-- Installing: /home/deadsec/ros2_ws/src/robotics_development/autonomous_navigation/install/autonomous_navigation/share/autonomous_navigation/rust/src/msg/rmw.rs
-- Installing: /home/deadsec/ros2_ws/src/robotics_development/autonomous_navigation/install/autonomous_navigation/share/autonomous_navigation/rust/src/lib.rs
-- Installing: /home/deadsec/ros2_ws/src/robotics_development/autonomous_navigation/install/autonomous_navigation/share/autonomous_navigation/rust/src/msg.rs
-- Installing: /home/deadsec/ros2_ws/src/robotics_development/autonomous_navigation/install/autonomous_navigation/share/autonomous_navigation/rust/Cargo.toml
-- Installing: /home/deadsec/ros2_ws/src/robotics_development/autonomous_navigation/install/autonomous_navigation/share/autonomous_navigation/rust/build.rs
-- Installing: /home/deadsec/ros2_ws/src/robotics_development/autonomous_navigation/install/autonomous_navigation/share/autonomous_navigation/msg/NavigationCommand.idl
-- Installing: /home/deadsec/ros2_ws/src/robotics_development/autonomous_navigation/install/autonomous_navigation/share/autonomous_navigation/msg/NavigationCommand.msg
-- Installing: /home/deadsec/ros2_ws/src/robotics_development/autonomous_navigation/install/autonomous_navigation/lib/autonomous_navigation/simple_velocity_smoother
-- Set non-toolchain portion of runtime path of "/home/deadsec/ros2_ws/src/robotics_development/autonomous_navigation/install/autonomous_navigation/lib/autonomous_navigation/simple_velocity_smoother" to ""
-- Installing: /home/deadsec/ros2_ws/src/robotics_development/autonomous_navigation/install/autonomous_navigation/share/autonomous_navigation/launch
-- Installing: /home/deadsec/ros2_ws/src/robotics_development/autonomous_navigation/install/autonomous_navigation/share/autonomous_navigation/launch/warehouse_env.launch.py
-- Installing: /home/deadsec/ros2_ws/src/robotics_development/autonomous_navigation/install/autonomous_navigation/share/autonomous_navigation/launch/office_env.launch.py
-- Installing: /home/deadsec/ros2_ws/src/robotics_development/autonomous_navigation/install/autonomous_navigation/share/autonomous_navigation/launch/auto_slam.launch.py
-- Installing: /home/deadsec/ros2_ws/src/robotics_development/autonomous_navigation/install/autonomous_navigation/share/autonomous_navigation/worlds
-- Installing: /home/deadsec/ros2_ws/src/robotics_development/autonomous_navigation/install/autonomous_navigation/share/autonomous_navigation/worlds/office.world
-- Installing: /home/deadsec/ros2_ws/src/robotics_development/autonomous_navigation/install/autonomous_navigation/share/autonomous_navigation/worlds/warehouse.world
-- Installing: /home/deadsec/ros2_ws/src/robotics_development/autonomous_navigation/install/autonomous_navigation/share/autonomous_navigation/models
-- Installing: /home/deadsec/ros2_ws/src/robotics_development/autonomous_navigation/install/autonomous_navigation/share/autonomous_navigation/models/turtlebot3_common
-- Installing: /home/deadsec/ros2_ws/src/robotics_development/autonomous_navigation/install/autonomous_navigation/share/autonomous_navigation/models/turtlebot3_common/meshes
-- Installing: /home/deadsec/ros2_ws/src/robotics_development/autonomous_navigation/install/autonomous_navigation/share/autonomous_navigation/models/turtlebot3_common/meshes/r200.dae
-- Installing: /home/deadsec/ros2_ws/src/robotics_development/autonomous_navigation/install/autonomous_navigation/share/autonomous_navigation/models/turtlebot3_common/meshes/sensors
-- Installing: /home/deadsec/ros2_ws/src/robotics_development/autonomous_navigation/install/autonomous_navigation/share/autonomous_navigation/models/turtlebot3_common/meshes/sensors/lds.stl
-- Installing: /home/deadsec/ros2_ws/src/robotics_development/autonomous_navigation/install/autonomous_navigation/share/autonomous_navigation/models/turtlebot3_common/meshes/sensors/r200.dae
-- Installing: /home/deadsec/ros2_ws/src/robotics_development/autonomous_navigation/install/autonomous_navigation/share/autonomous_navigation/models/turtlebot3_common/meshes/sensors/astra.dae
-- Installing: /home/deadsec/ros2_ws/src/robotics_development/autonomous_navigation/install/autonomous_navigation/share/autonomous_navigation/models/turtlebot3_common/meshes/sensors/astra.jpg
-- Installing: /home/deadsec/ros2_ws/src/robotics_development/autonomous_navigation/install/autonomous_navigation/share/autonomous_navigation/models/turtlebot3_common/meshes/sensors/r200.jpg
-- Installing: /home/deadsec/ros2_ws/src/robotics_development/autonomous_navigation/install/autonomous_navigation/share/autonomous_navigation/models/turtlebot3_common/meshes/wheels
-- Installing: /home/deadsec/ros2_ws/src/robotics_development/autonomous_navigation/install/autonomous_navigation/share/autonomous_navigation/models/turtlebot3_common/meshes/wheels/right_tire.stl
-- Installing: /home/deadsec/ros2_ws/src/robotics_development/autonomous_navigation/install/autonomous_navigation/share/autonomous_navigation/models/turtlebot3_common/meshes/wheels/left_tire.stl
-- Installing: /home/deadsec/ros2_ws/src/robotics_development/autonomous_navigation/install/autonomous_navigation/share/autonomous_navigation/models/turtlebot3_common/meshes/waffle_pi_base.dae
-- Installing: /home/deadsec/ros2_ws/src/robotics_development/autonomous_navigation/install/autonomous_navigation/share/autonomous_navigation/models/turtlebot3_common/meshes/waffle_base.dae
-- Installing: /home/deadsec/ros2_ws/src/robotics_development/autonomous_navigation/install/autonomous_navigation/share/autonomous_navigation/models/turtlebot3_common/meshes/bases
-- Installing: /home/deadsec/ros2_ws/src/robotics_development/autonomous_navigation/install/autonomous_navigation/share/autonomous_navigation/models/turtlebot3_common/meshes/bases/burger_base.stl
-- Installing: /home/deadsec/ros2_ws/src/robotics_development/autonomous_navigation/install/autonomous_navigation/share/autonomous_navigation/models/turtlebot3_common/meshes/bases/waffle_pi_base.stl
-- Installing: /home/deadsec/ros2_ws/src/robotics_development/autonomous_navigation/install/autonomous_navigation/share/autonomous_navigation/models/turtlebot3_common/meshes/bases/waffle_base.stl
-- Installing: /home/deadsec/ros2_ws/src/robotics_development/autonomous_navigation/install/autonomous_navigation/share/autonomous_navigation/models/turtlebot3_common/meshes/burger_base.dae
-- Installing: /home/deadsec/ros2_ws/src/robotics_development/autonomous_navigation/install/autonomous_navigation/share/autonomous_navigation/models/turtlebot3_common/meshes/tire.dae
-- Installing: /home/deadsec/ros2_ws/src/robotics_development/autonomous_navigation/install/autonomous_navigation/share/autonomous_navigation/models/turtlebot3_common/meshes/lds.dae
-- Installing: /home/deadsec/ros2_ws/src/robotics_development/autonomous_navigation/install/autonomous_navigation/share/autonomous_navigation/models/turtlebot3_common/model.config
-- Installing: /home/deadsec/ros2_ws/src/robotics_development/autonomous_navigation/install/autonomous_navigation/share/autonomous_navigation/models/turtlebot3_house
-- Installing: /home/deadsec/ros2_ws/src/robotics_development/autonomous_navigation/install/autonomous_navigation/share/autonomous_navigation/models/turtlebot3_house/textures
-- Installing: /home/deadsec/ros2_ws/src/robotics_development/autonomous_navigation/install/autonomous_navigation/share/autonomous_navigation/models/turtlebot3_house/textures/wood.png
-- Installing: /home/deadsec/ros2_ws/src/robotics_development/autonomous_navigation/install/autonomous_navigation/share/autonomous_navigation/models/turtlebot3_house/textures/bricks.png
-- Installing: /home/deadsec/ros2_ws/src/robotics_development/autonomous_navigation/install/autonomous_navigation/share/autonomous_navigation/models/turtlebot3_house/first_2015_trash_can
-- Installing: /home/deadsec/ros2_ws/src/robotics_development/autonomous_navigation/install/autonomous_navigation/share/autonomous_navigation/models/turtlebot3_house/first_2015_trash_can/meshes
-- Installing: /home/deadsec/ros2_ws/src/robotics_development/autonomous_navigation/install/autonomous_navigation/share/autonomous_navigation/models/turtlebot3_house/first_2015_trash_can/meshes/trash_can.dae
-- Installing: /home/deadsec/ros2_ws/src/robotics_development/autonomous_navigation/install/autonomous_navigation/share/autonomous_navigation/models/turtlebot3_house/first_2015_trash_can/model.config
-- Installing: /home/deadsec/ros2_ws/src/robotics_development/autonomous_navigation/install/autonomous_navigation/share/autonomous_navigation/models/turtlebot3_house/first_2015_trash_can/model.sdf
-- Installing: /home/deadsec/ros2_ws/src/robotics_development/autonomous_navigation/install/autonomous_navigation/share/autonomous_navigation/models/turtlebot3_house/model.config
-- Installing: /home/deadsec/ros2_ws/src/robotics_development/autonomous_navigation/install/autonomous_navigation/share/autonomous_navigation/models/turtlebot3_house/model.sdf
-- Installing: /home/deadsec/ros2_ws/src/robotics_development/autonomous_navigation/install/autonomous_navigation/share/autonomous_navigation/models/turtlebot3_house/mailbox
-- Installing: /home/deadsec/ros2_ws/src/robotics_development/autonomous_navigation/install/autonomous_navigation/share/autonomous_navigation/models/turtlebot3_house/mailbox/meshes
-- Installing: /home/deadsec/ros2_ws/src/robotics_development/autonomous_navigation/install/autonomous_navigation/share/autonomous_navigation/models/turtlebot3_house/mailbox/meshes/mailbox.dae
-- Installing: /home/deadsec/ros2_ws/src/robotics_development/autonomous_navigation/install/autonomous_navigation/share/autonomous_navigation/models/turtlebot3_house/mailbox/model.config
-- Installing: /home/deadsec/ros2_ws/src/robotics_development/autonomous_navigation/install/autonomous_navigation/share/autonomous_navigation/models/turtlebot3_house/mailbox/model.sdf
-- Installing: /home/deadsec/ros2_ws/src/robotics_development/autonomous_navigation/install/autonomous_navigation/share/autonomous_navigation/models/turtlebot3_house/mailbox/model-1_3.sdf
-- Installing: /home/deadsec/ros2_ws/src/robotics_development/autonomous_navigation/install/autonomous_navigation/share/autonomous_navigation/models/turtlebot3_house/mailbox/materials
-- Installing: /home/deadsec/ros2_ws/src/robotics_development/autonomous_navigation/install/autonomous_navigation/share/autonomous_navigation/models/turtlebot3_house/mailbox/materials/textures
-- Installing: /home/deadsec/ros2_ws/src/robotics_development/autonomous_navigation/install/autonomous_navigation/share/autonomous_navigation/models/turtlebot3_house/mailbox/materials/textures/Mailbox_Diffuse.tga.orig
-- Installing: /home/deadsec/ros2_ws/src/robotics_development/autonomous_navigation/install/autonomous_navigation/share/autonomous_navigation/models/turtlebot3_house/mailbox/materials/textures/Mailbox_Spec.png
-- Installing: /home/deadsec/ros2_ws/src/robotics_development/autonomous_navigation/install/autonomous_navigation/share/autonomous_navigation/models/turtlebot3_house/mailbox/materials/textures/Mailbox_Diffuse.png
-- Installing: /home/deadsec/ros2_ws/src/robotics_development/autonomous_navigation/install/autonomous_navigation/share/autonomous_navigation/models/turtlebot3_house/mailbox/materials/scripts
-- Installing: /home/deadsec/ros2_ws/src/robotics_development/autonomous_navigation/install/autonomous_navigation/share/autonomous_navigation/models/turtlebot3_house/mailbox/materials/scripts/mailbox.material
-- Installing: /home/deadsec/ros2_ws/src/robotics_development/autonomous_navigation/install/autonomous_navigation/share/autonomous_navigation/models/turtlebot3_house/mailbox/model-1_4.sdf
-- Installing: /home/deadsec/ros2_ws/src/robotics_development/autonomous_navigation/install/autonomous_navigation/share/autonomous_navigation/models/turtlebot3_house/table_marble
-- Installing: /home/deadsec/ros2_ws/src/robotics_development/autonomous_navigation/install/autonomous_navigation/share/autonomous_navigation/models/turtlebot3_house/table_marble/meshes
-- Installing: /home/deadsec/ros2_ws/src/robotics_development/autonomous_navigation/install/autonomous_navigation/share/autonomous_navigation/models/turtlebot3_house/table_marble/meshes/table_lightmap.dae
-- Installing: /home/deadsec/ros2_ws/src/robotics_development/autonomous_navigation/install/autonomous_navigation/share/autonomous_navigation/models/turtlebot3_house/table_marble/model.config
-- Installing: /home/deadsec/ros2_ws/src/robotics_development/autonomous_navigation/install/autonomous_navigation/share/autonomous_navigation/models/turtlebot3_house/table_marble/model.sdf
-- Installing: /home/deadsec/ros2_ws/src/robotics_development/autonomous_navigation/install/autonomous_navigation/share/autonomous_navigation/models/turtlebot3_house/table_marble/materials
-- Installing: /home/deadsec/ros2_ws/src/robotics_development/autonomous_navigation/install/autonomous_navigation/share/autonomous_navigation/models/turtlebot3_house/table_marble/materials/textures
-- Installing: /home/deadsec/ros2_ws/src/robotics_development/autonomous_navigation/install/autonomous_navigation/share/autonomous_navigation/models/turtlebot3_house/table_marble/materials/textures/marble.png
-- Installing: /home/deadsec/ros2_ws/src/robotics_development/autonomous_navigation/install/autonomous_navigation/share/autonomous_navigation/models/turtlebot3_house/table_marble/materials/textures/table_lightmap.png
-- Installing: /home/deadsec/ros2_ws/src/robotics_development/autonomous_navigation/install/autonomous_navigation/share/autonomous_navigation/models/turtlebot3_house/table_marble/materials/scripts
-- Installing: /home/deadsec/ros2_ws/src/robotics_development/autonomous_navigation/install/autonomous_navigation/share/autonomous_navigation/models/turtlebot3_house/table_marble/materials/scripts/table_lightmap.material
-- Installing: /home/deadsec/ros2_ws/src/robotics_development/autonomous_navigation/install/autonomous_navigation/share/autonomous_navigation/models/turtlebot3_house/table_marble/model-1_4.sdf
-- Installing: /home/deadsec/ros2_ws/src/robotics_development/autonomous_navigation/install/autonomous_navigation/share/autonomous_navigation/models/turtlebot3_house/cafe_table
-- Installing: /home/deadsec/ros2_ws/src/robotics_development/autonomous_navigation/install/autonomous_navigation/share/autonomous_navigation/models/turtlebot3_house/cafe_table/meshes
-- Installing: /home/deadsec/ros2_ws/src/robotics_development/autonomous_navigation/install/autonomous_navigation/share/autonomous_navigation/models/turtlebot3_house/cafe_table/meshes/cafe_table.dae
-- Installing: /home/deadsec/ros2_ws/src/robotics_development/autonomous_navigation/install/autonomous_navigation/share/autonomous_navigation/models/turtlebot3_house/cafe_table/model.config
-- Installing: /home/deadsec/ros2_ws/src/robotics_development/autonomous_navigation/install/autonomous_navigation/share/autonomous_navigation/models/turtlebot3_house/cafe_table/model.sdf
-- Installing: /home/deadsec/ros2_ws/src/robotics_development/autonomous_navigation/install/autonomous_navigation/share/autonomous_navigation/models/turtlebot3_house/cafe_table/materials
-- Installing: /home/deadsec/ros2_ws/src/robotics_development/autonomous_navigation/install/autonomous_navigation/share/autonomous_navigation/models/turtlebot3_house/cafe_table/materials/textures
-- Installing: /home/deadsec/ros2_ws/src/robotics_development/autonomous_navigation/install/autonomous_navigation/share/autonomous_navigation/models/turtlebot3_house/cafe_table/materials/textures/Maple.jpg
-- Installing: /home/deadsec/ros2_ws/src/robotics_development/autonomous_navigation/install/autonomous_navigation/share/autonomous_navigation/models/turtlebot3_house/cafe_table/materials/textures/Wood_Floor_Dark.jpg
-- Installing: /home/deadsec/ros2_ws/src/robotics_development/autonomous_navigation/install/autonomous_navigation/share/autonomous_navigation/models/turtlebot3_house/cafe_table/model-1_4.sdf
-- Installing: /home/deadsec/ros2_ws/src/robotics_development/autonomous_navigation/install/autonomous_navigation/share/autonomous_navigation/models/aws_robomaker_warehouse_PalletJackB_01
-- Installing: /home/deadsec/ros2_ws/src/robotics_development/autonomous_navigation/install/autonomous_navigation/share/autonomous_navigation/models/aws_robomaker_warehouse_PalletJackB_01/meshes
-- Installing: /home/deadsec/ros2_ws/src/robotics_development/autonomous_navigation/install/autonomous_navigation/share/autonomous_navigation/models/aws_robomaker_warehouse_PalletJackB_01/meshes/aws_robomaker_warehouse_PalletJackB_01_visual.DAE
-- Installing: /home/deadsec/ros2_ws/src/robotics_development/autonomous_navigation/install/autonomous_navigation/share/autonomous_navigation/models/aws_robomaker_warehouse_PalletJackB_01/meshes/aws_robomaker_warehouse_PalletJackB_01_collision.DAE
-- Installing: /home/deadsec/ros2_ws/src/robotics_development/autonomous_navigation/install/autonomous_navigation/share/autonomous_navigation/models/aws_robomaker_warehouse_PalletJackB_01/model.config
-- Installing: /home/deadsec/ros2_ws/src/robotics_development/autonomous_navigation/install/autonomous_navigation/share/autonomous_navigation/models/aws_robomaker_warehouse_PalletJackB_01/model.sdf
-- Installing: /home/deadsec/ros2_ws/src/robotics_development/autonomous_navigation/install/autonomous_navigation/share/autonomous_navigation/models/aws_robomaker_warehouse_PalletJackB_01/materials
-- Installing: /home/deadsec/ros2_ws/src/robotics_development/autonomous_navigation/install/autonomous_navigation/share/autonomous_navigation/models/aws_robomaker_warehouse_PalletJackB_01/materials/textures
-- Installing: /home/deadsec/ros2_ws/src/robotics_development/autonomous_navigation/install/autonomous_navigation/share/autonomous_navigation/models/aws_robomaker_warehouse_PalletJackB_01/materials/textures/aws_robomaker_warehouse_PalletJackB_02.png
-- Installing: /home/deadsec/ros2_ws/src/robotics_development/autonomous_navigation/install/autonomous_navigation/share/autonomous_navigation/models/aws_robomaker_warehouse_PalletJackB_01/materials/textures/aws_robomaker_warehouse_PalletJackB_01.png
-- Installing: /home/deadsec/ros2_ws/src/robotics_development/autonomous_navigation/install/autonomous_navigation/share/autonomous_navigation/models/aws_robomaker_warehouse_PalletJackB_01/materials/.DS_Store
-- Installing: /home/deadsec/ros2_ws/src/robotics_development/autonomous_navigation/install/autonomous_navigation/share/autonomous_navigation/models/aws_robomaker_warehouse_PalletJackB_01/.DS_Store
-- Installing: /home/deadsec/ros2_ws/src/robotics_development/autonomous_navigation/install/autonomous_navigation/share/autonomous_navigation/models/aws_robomaker_warehouse_RoofB_01
-- Installing: /home/deadsec/ros2_ws/src/robotics_development/autonomous_navigation/install/autonomous_navigation/share/autonomous_navigation/models/aws_robomaker_warehouse_RoofB_01/meshes
-- Installing: /home/deadsec/ros2_ws/src/robotics_development/autonomous_navigation/install/autonomous_navigation/share/autonomous_navigation/models/aws_robomaker_warehouse_RoofB_01/meshes/aws_robomaker_warehouse_RoofB_01_collision.DAE
-- Installing: /home/deadsec/ros2_ws/src/robotics_development/autonomous_navigation/install/autonomous_navigation/share/autonomous_navigation/models/aws_robomaker_warehouse_RoofB_01/meshes/aws_robomaker_warehouse_RoofB_01_visual.DAE
-- Installing: /home/deadsec/ros2_ws/src/robotics_development/autonomous_navigation/install/autonomous_navigation/share/autonomous_navigation/models/aws_robomaker_warehouse_RoofB_01/model.config
-- Installing: /home/deadsec/ros2_ws/src/robotics_development/autonomous_navigation/install/autonomous_navigation/share/autonomous_navigation/models/aws_robomaker_warehouse_RoofB_01/model.sdf
-- Installing: /home/deadsec/ros2_ws/src/robotics_development/autonomous_navigation/install/autonomous_navigation/share/autonomous_navigation/models/aws_robomaker_warehouse_RoofB_01/materials
-- Installing: /home/deadsec/ros2_ws/src/robotics_development/autonomous_navigation/install/autonomous_navigation/share/autonomous_navigation/models/aws_robomaker_warehouse_RoofB_01/materials/textures
-- Installing: /home/deadsec/ros2_ws/src/robotics_development/autonomous_navigation/install/autonomous_navigation/share/autonomous_navigation/models/aws_robomaker_warehouse_RoofB_01/materials/textures/aws_robomaker_warehouse_RoofB_01.png
-- Installing: /home/deadsec/ros2_ws/src/robotics_development/autonomous_navigation/install/autonomous_navigation/share/autonomous_navigation/models/aws_robomaker_warehouse_WallB_01
-- Installing: /home/deadsec/ros2_ws/src/robotics_development/autonomous_navigation/install/autonomous_navigation/share/autonomous_navigation/models/aws_robomaker_warehouse_WallB_01/meshes
-- Installing: /home/deadsec/ros2_ws/src/robotics_development/autonomous_navigation/install/autonomous_navigation/share/autonomous_navigation/models/aws_robomaker_warehouse_WallB_01/meshes/aws_robomaker_warehouse_WallB_01_visual.DAE
-- Installing: /home/deadsec/ros2_ws/src/robotics_development/autonomous_navigation/install/autonomous_navigation/share/autonomous_navigation/models/aws_robomaker_warehouse_WallB_01/meshes/aws_robomaker_warehouse_WallB_01_collision.DAE
-- Installing: /home/deadsec/ros2_ws/src/robotics_development/autonomous_navigation/install/autonomous_navigation/share/autonomous_navigation/models/aws_robomaker_warehouse_WallB_01/model.config
-- Installing: /home/deadsec/ros2_ws/src/robotics_development/autonomous_navigation/install/autonomous_navigation/share/autonomous_navigation/models/aws_robomaker_warehouse_WallB_01/model.sdf
-- Installing: /home/deadsec/ros2_ws/src/robotics_development/autonomous_navigation/install/autonomous_navigation/share/autonomous_navigation/models/aws_robomaker_warehouse_WallB_01/materials
-- Installing: /home/deadsec/ros2_ws/src/robotics_development/autonomous_navigation/install/autonomous_navigation/share/autonomous_navigation/models/aws_robomaker_warehouse_WallB_01/materials/textures
-- Installing: /home/deadsec/ros2_ws/src/robotics_development/autonomous_navigation/install/autonomous_navigation/share/autonomous_navigation/models/aws_robomaker_warehouse_WallB_01/materials/textures/aws_robomaker_warehouse_WallB_01.png
-- Installing: /home/deadsec/ros2_ws/src/robotics_development/autonomous_navigation/install/autonomous_navigation/share/autonomous_navigation/models/turtlebot3_burger_cam
-- Installing: /home/deadsec/ros2_ws/src/robotics_development/autonomous_navigation/install/autonomous_navigation/share/autonomous_navigation/models/turtlebot3_burger_cam/model.config
-- Installing: /home/deadsec/ros2_ws/src/robotics_development/autonomous_navigation/install/autonomous_navigation/share/autonomous_navigation/models/turtlebot3_burger_cam/model.sdf
-- Installing: /home/deadsec/ros2_ws/src/robotics_development/autonomous_navigation/install/autonomous_navigation/share/autonomous_navigation/models/turtlebot3_burger_cam/model-1_4.sdf
-- Installing: /home/deadsec/ros2_ws/src/robotics_development/autonomous_navigation/install/autonomous_navigation/share/autonomous_navigation/models/aws_robomaker_warehouse_ShelfF_01
-- Installing: /home/deadsec/ros2_ws/src/robotics_development/autonomous_navigation/install/autonomous_navigation/share/autonomous_navigation/models/aws_robomaker_warehouse_ShelfF_01/meshes
-- Installing: /home/deadsec/ros2_ws/src/robotics_development/autonomous_navigation/install/autonomous_navigation/share/autonomous_navigation/models/aws_robomaker_warehouse_ShelfF_01/meshes/aws_robomaker_warehouse_ShelfF_01_visual.DAE
-- Installing: /home/deadsec/ros2_ws/src/robotics_development/autonomous_navigation/install/autonomous_navigation/share/autonomous_navigation/models/aws_robomaker_warehouse_ShelfF_01/meshes/aws_robomaker_warehouse_ShelfF_01_collision.DAE
-- Installing: /home/deadsec/ros2_ws/src/robotics_development/autonomous_navigation/install/autonomous_navigation/share/autonomous_navigation/models/aws_robomaker_warehouse_ShelfF_01/model.config
-- Installing: /home/deadsec/ros2_ws/src/robotics_development/autonomous_navigation/install/autonomous_navigation/share/autonomous_navigation/models/aws_robomaker_warehouse_ShelfF_01/model.sdf
-- Installing: /home/deadsec/ros2_ws/src/robotics_development/autonomous_navigation/install/autonomous_navigation/share/autonomous_navigation/models/aws_robomaker_warehouse_ShelfF_01/materials
-- Installing: /home/deadsec/ros2_ws/src/robotics_development/autonomous_navigation/install/autonomous_navigation/share/autonomous_navigation/models/aws_robomaker_warehouse_ShelfF_01/materials/textures
-- Installing: /home/deadsec/ros2_ws/src/robotics_development/autonomous_navigation/install/autonomous_navigation/share/autonomous_navigation/models/aws_robomaker_warehouse_ShelfF_01/materials/textures/aws_robomaker_warehouse_ShelfF_01.png
-- Installing: /home/deadsec/ros2_ws/src/robotics_development/autonomous_navigation/install/autonomous_navigation/share/autonomous_navigation/models/aws_robomaker_warehouse_ShelfF_01/materials/textures/aws_robomaker_warehouse_ShelfF_03.png
-- Installing: /home/deadsec/ros2_ws/src/robotics_development/autonomous_navigation/install/autonomous_navigation/share/autonomous_navigation/models/aws_robomaker_warehouse_ShelfF_01/materials/textures/aws_robomaker_warehouse_ShelfF_02.png
-- Installing: /home/deadsec/ros2_ws/src/robotics_development/autonomous_navigation/install/autonomous_navigation/share/autonomous_navigation/models/aws_robomaker_warehouse_DeskC_01
-- Installing: /home/deadsec/ros2_ws/src/robotics_development/autonomous_navigation/install/autonomous_navigation/share/autonomous_navigation/models/aws_robomaker_warehouse_DeskC_01/meshes
-- Installing: /home/deadsec/ros2_ws/src/robotics_development/autonomous_navigation/install/autonomous_navigation/share/autonomous_navigation/models/aws_robomaker_warehouse_DeskC_01/meshes/aws_robomaker_warehouse_DeskC_01_visual.DAE
-- Installing: /home/deadsec/ros2_ws/src/robotics_development/autonomous_navigation/install/autonomous_navigation/share/autonomous_navigation/models/aws_robomaker_warehouse_DeskC_01/meshes/aws_robomaker_warehouse_DeskC_01_collision.DAE
-- Installing: /home/deadsec/ros2_ws/src/robotics_development/autonomous_navigation/install/autonomous_navigation/share/autonomous_navigation/models/aws_robomaker_warehouse_DeskC_01/model.config
-- Installing: /home/deadsec/ros2_ws/src/robotics_development/autonomous_navigation/install/autonomous_navigation/share/autonomous_navigation/models/aws_robomaker_warehouse_DeskC_01/model.sdf
-- Installing: /home/deadsec/ros2_ws/src/robotics_development/autonomous_navigation/install/autonomous_navigation/share/autonomous_navigation/models/aws_robomaker_warehouse_DeskC_01/materials
-- Installing: /home/deadsec/ros2_ws/src/robotics_development/autonomous_navigation/install/autonomous_navigation/share/autonomous_navigation/models/aws_robomaker_warehouse_DeskC_01/materials/textures
-- Installing: /home/deadsec/ros2_ws/src/robotics_development/autonomous_navigation/install/autonomous_navigation/share/autonomous_navigation/models/aws_robomaker_warehouse_DeskC_01/materials/textures/aws_robomaker_warehouse_DeskC_04.png
-- Installing: /home/deadsec/ros2_ws/src/robotics_development/autonomous_navigation/install/autonomous_navigation/share/autonomous_navigation/models/aws_robomaker_warehouse_DeskC_01/materials/textures/aws_robomaker_warehouse_DeskC_03.psd
-- Installing: /home/deadsec/ros2_ws/src/robotics_development/autonomous_navigation/install/autonomous_navigation/share/autonomous_navigation/models/aws_robomaker_warehouse_DeskC_01/materials/textures/aws_robomaker_warehouse_DeskC_03.png
-- Installing: /home/deadsec/ros2_ws/src/robotics_development/autonomous_navigation/install/autonomous_navigation/share/autonomous_navigation/models/aws_robomaker_warehouse_DeskC_01/materials/textures/aws_robomaker_warehouse_DeskC_02.png
-- Installing: /home/deadsec/ros2_ws/src/robotics_development/autonomous_navigation/install/autonomous_navigation/share/autonomous_navigation/models/aws_robomaker_warehouse_DeskC_01/materials/textures/aws_robomaker_warehouse_DeskC_01.png
-- Installing: /home/deadsec/ros2_ws/src/robotics_development/autonomous_navigation/install/autonomous_navigation/share/autonomous_navigation/models/aws_robomaker_warehouse_DeskC_01/materials/.DS_Store
-- Installing: /home/deadsec/ros2_ws/src/robotics_development/autonomous_navigation/install/autonomous_navigation/share/autonomous_navigation/models/turtlebot3_burger
-- Installing: /home/deadsec/ros2_ws/src/robotics_development/autonomous_navigation/install/autonomous_navigation/share/autonomous_navigation/models/turtlebot3_burger/model.config
-- Installing: /home/deadsec/ros2_ws/src/robotics_development/autonomous_navigation/install/autonomous_navigation/share/autonomous_navigation/models/turtlebot3_burger/model.sdf
-- Installing: /home/deadsec/ros2_ws/src/robotics_development/autonomous_navigation/install/autonomous_navigation/share/autonomous_navigation/models/turtlebot3_burger/model-1_4.sdf
-- Installing: /home/deadsec/ros2_ws/src/robotics_development/autonomous_navigation/install/autonomous_navigation/share/autonomous_navigation/models/aws_robomaker_warehouse_ShelfD_01
-- Installing: /home/deadsec/ros2_ws/src/robotics_development/autonomous_navigation/install/autonomous_navigation/share/autonomous_navigation/models/aws_robomaker_warehouse_ShelfD_01/meshes
-- Installing: /home/deadsec/ros2_ws/src/robotics_development/autonomous_navigation/install/autonomous_navigation/share/autonomous_navigation/models/aws_robomaker_warehouse_ShelfD_01/meshes/aws_robomaker_warehouse_ShelfD_01_visual.DAE
-- Installing: /home/deadsec/ros2_ws/src/robotics_development/autonomous_navigation/install/autonomous_navigation/share/autonomous_navigation/models/aws_robomaker_warehouse_ShelfD_01/meshes/aws_robomaker_warehouse_ShelfD_01_collision.DAE
-- Installing: /home/deadsec/ros2_ws/src/robotics_development/autonomous_navigation/install/autonomous_navigation/share/autonomous_navigation/models/aws_robomaker_warehouse_ShelfD_01/model.config
-- Installing: /home/deadsec/ros2_ws/src/robotics_development/autonomous_navigation/install/autonomous_navigation/share/autonomous_navigation/models/aws_robomaker_warehouse_ShelfD_01/model.sdf
-- Installing: /home/deadsec/ros2_ws/src/robotics_development/autonomous_navigation/install/autonomous_navigation/share/autonomous_navigation/models/aws_robomaker_warehouse_ShelfD_01/materials
-- Installing: /home/deadsec/ros2_ws/src/robotics_development/autonomous_navigation/install/autonomous_navigation/share/autonomous_navigation/models/aws_robomaker_warehouse_ShelfD_01/materials/textures
-- Installing: /home/deadsec/ros2_ws/src/robotics_development/autonomous_navigation/install/autonomous_navigation/share/autonomous_navigation/models/aws_robomaker_warehouse_ShelfD_01/materials/textures/aws_robomaker_warehouse_ShelfD_03.png
-- Installing: /home/deadsec/ros2_ws/src/robotics_development/autonomous_navigation/install/autonomous_navigation/share/autonomous_navigation/models/aws_robomaker_warehouse_ShelfD_01/materials/textures/aws_robomaker_warehouse_ShelfD_04.png
-- Installing: /home/deadsec/ros2_ws/src/robotics_development/autonomous_navigation/install/autonomous_navigation/share/autonomous_navigation/models/aws_robomaker_warehouse_ShelfD_01/materials/textures/aws_robomaker_warehouse_ShelfD_01.png
-- Installing: /home/deadsec/ros2_ws/src/robotics_development/autonomous_navigation/install/autonomous_navigation/share/autonomous_navigation/models/aws_robomaker_warehouse_ShelfD_01/materials/textures/aws_robomaker_warehouse_ShelfD_02.png
-- Installing: /home/deadsec/ros2_ws/src/robotics_development/autonomous_navigation/install/autonomous_navigation/share/autonomous_navigation/models/turtlebot3_world
-- Installing: /home/deadsec/ros2_ws/src/robotics_development/autonomous_navigation/install/autonomous_navigation/share/autonomous_navigation/models/turtlebot3_world/meshes
-- Installing: /home/deadsec/ros2_ws/src/robotics_development/autonomous_navigation/install/autonomous_navigation/share/autonomous_navigation/models/turtlebot3_world/meshes/hexagon.dae
-- Installing: /home/deadsec/ros2_ws/src/robotics_development/autonomous_navigation/install/autonomous_navigation/share/autonomous_navigation/models/turtlebot3_world/meshes/wall.dae
-- Installing: /home/deadsec/ros2_ws/src/robotics_development/autonomous_navigation/install/autonomous_navigation/share/autonomous_navigation/models/turtlebot3_world/model.config
-- Installing: /home/deadsec/ros2_ws/src/robotics_development/autonomous_navigation/install/autonomous_navigation/share/autonomous_navigation/models/turtlebot3_world/model.sdf
-- Installing: /home/deadsec/ros2_ws/src/robotics_development/autonomous_navigation/install/autonomous_navigation/share/autonomous_navigation/models/turtlebot3_world/model-1_4.sdf
-- Installing: /home/deadsec/ros2_ws/src/robotics_development/autonomous_navigation/install/autonomous_navigation/share/autonomous_navigation/models/aws_robomaker_warehouse_TrashCanC_01
-- Installing: /home/deadsec/ros2_ws/src/robotics_development/autonomous_navigation/install/autonomous_navigation/share/autonomous_navigation/models/aws_robomaker_warehouse_TrashCanC_01/meshes
-- Installing: /home/deadsec/ros2_ws/src/robotics_development/autonomous_navigation/install/autonomous_navigation/share/autonomous_navigation/models/aws_robomaker_warehouse_TrashCanC_01/meshes/aws_robomaker_warehouse_TrashCanC_01_visual.DAE
-- Installing: /home/deadsec/ros2_ws/src/robotics_development/autonomous_navigation/install/autonomous_navigation/share/autonomous_navigation/models/aws_robomaker_warehouse_TrashCanC_01/meshes/aws_robomaker_warehouse_TrashCanC_01_collision.DAE
-- Installing: /home/deadsec/ros2_ws/src/robotics_development/autonomous_navigation/install/autonomous_navigation/share/autonomous_navigation/models/aws_robomaker_warehouse_TrashCanC_01/model.config
-- Installing: /home/deadsec/ros2_ws/src/robotics_development/autonomous_navigation/install/autonomous_navigation/share/autonomous_navigation/models/aws_robomaker_warehouse_TrashCanC_01/model.sdf
-- Installing: /home/deadsec/ros2_ws/src/robotics_development/autonomous_navigation/install/autonomous_navigation/share/autonomous_navigation/models/aws_robomaker_warehouse_TrashCanC_01/materials
-- Installing: /home/deadsec/ros2_ws/src/robotics_development/autonomous_navigation/install/autonomous_navigation/share/autonomous_navigation/models/aws_robomaker_warehouse_TrashCanC_01/materials/textures
-- Installing: /home/deadsec/ros2_ws/src/robotics_development/autonomous_navigation/install/autonomous_navigation/share/autonomous_navigation/models/aws_robomaker_warehouse_TrashCanC_01/materials/textures/aws_robomaker_warehouse_TrashCanC_01.png
-- Installing: /home/deadsec/ros2_ws/src/robotics_development/autonomous_navigation/install/autonomous_navigation/share/autonomous_navigation/models/aws_robomaker_warehouse_Bucket_01
-- Installing: /home/deadsec/ros2_ws/src/robotics_development/autonomous_navigation/install/autonomous_navigation/share/autonomous_navigation/models/aws_robomaker_warehouse_Bucket_01/meshes
-- Installing: /home/deadsec/ros2_ws/src/robotics_development/autonomous_navigation/install/autonomous_navigation/share/autonomous_navigation/models/aws_robomaker_warehouse_Bucket_01/meshes/aws_robomaker_warehouse_Bucket_01_visual.DAE
-- Installing: /home/deadsec/ros2_ws/src/robotics_development/autonomous_navigation/install/autonomous_navigation/share/autonomous_navigation/models/aws_robomaker_warehouse_Bucket_01/meshes/aws_robomaker_warehouse_Bucket_01_collision.DAE
-- Installing: /home/deadsec/ros2_ws/src/robotics_development/autonomous_navigation/install/autonomous_navigation/share/autonomous_navigation/models/aws_robomaker_warehouse_Bucket_01/model.config
-- Installing: /home/deadsec/ros2_ws/src/robotics_development/autonomous_navigation/install/autonomous_navigation/share/autonomous_navigation/models/aws_robomaker_warehouse_Bucket_01/model.sdf
-- Installing: /home/deadsec/ros2_ws/src/robotics_development/autonomous_navigation/install/autonomous_navigation/share/autonomous_navigation/models/aws_robomaker_warehouse_Bucket_01/materials
-- Installing: /home/deadsec/ros2_ws/src/robotics_development/autonomous_navigation/install/autonomous_navigation/share/autonomous_navigation/models/aws_robomaker_warehouse_Bucket_01/materials/textures
-- Installing: /home/deadsec/ros2_ws/src/robotics_development/autonomous_navigation/install/autonomous_navigation/share/autonomous_navigation/models/aws_robomaker_warehouse_Bucket_01/materials/textures/aws_robomaker_warehouse_Bucket_01.png
-- Installing: /home/deadsec/ros2_ws/src/robotics_development/autonomous_navigation/install/autonomous_navigation/share/autonomous_navigation/models/aws_robomaker_warehouse_Bucket_01/materials/.DS_Store
-- Installing: /home/deadsec/ros2_ws/src/robotics_development/autonomous_navigation/install/autonomous_navigation/share/autonomous_navigation/models/aws_robomaker_warehouse_Bucket_01/.DS_Store
-- Installing: /home/deadsec/ros2_ws/src/robotics_development/autonomous_navigation/install/autonomous_navigation/share/autonomous_navigation/models/aws_robomaker_warehouse_ClutteringC_01
-- Installing: /home/deadsec/ros2_ws/src/robotics_development/autonomous_navigation/install/autonomous_navigation/share/autonomous_navigation/models/aws_robomaker_warehouse_ClutteringC_01/meshes
-- Installing: /home/deadsec/ros2_ws/src/robotics_development/autonomous_navigation/install/autonomous_navigation/share/autonomous_navigation/models/aws_robomaker_warehouse_ClutteringC_01/meshes/aws_robomaker_warehouse_ClutteringC_01_collision.DAE
-- Installing: /home/deadsec/ros2_ws/src/robotics_development/autonomous_navigation/install/autonomous_navigation/share/autonomous_navigation/models/aws_robomaker_warehouse_ClutteringC_01/meshes/aws_robomaker_warehouse_ClutteringC_01_visual.DAE
-- Installing: /home/deadsec/ros2_ws/src/robotics_development/autonomous_navigation/install/autonomous_navigation/share/autonomous_navigation/models/aws_robomaker_warehouse_ClutteringC_01/model.config
-- Installing: /home/deadsec/ros2_ws/src/robotics_development/autonomous_navigation/install/autonomous_navigation/share/autonomous_navigation/models/aws_robomaker_warehouse_ClutteringC_01/model.sdf
-- Installing: /home/deadsec/ros2_ws/src/robotics_development/autonomous_navigation/install/autonomous_navigation/share/autonomous_navigation/models/aws_robomaker_warehouse_ClutteringC_01/materials
-- Installing: /home/deadsec/ros2_ws/src/robotics_development/autonomous_navigation/install/autonomous_navigation/share/autonomous_navigation/models/aws_robomaker_warehouse_ClutteringC_01/materials/textures
-- Installing: /home/deadsec/ros2_ws/src/robotics_development/autonomous_navigation/install/autonomous_navigation/share/autonomous_navigation/models/aws_robomaker_warehouse_ClutteringC_01/materials/textures/aws_robomaker_warehouse_ClutteringC_01.png
-- Installing: /home/deadsec/ros2_ws/src/robotics_development/autonomous_navigation/install/autonomous_navigation/share/autonomous_navigation/models/aws_robomaker_warehouse_ClutteringC_01/materials/textures/aws_robomaker_warehouse_ClutteringC_02.png
-- Installing: /home/deadsec/ros2_ws/src/robotics_development/autonomous_navigation/install/autonomous_navigation/share/autonomous_navigation/models/turtlebot3_waffle
-- Installing: /home/deadsec/ros2_ws/src/robotics_development/autonomous_navigation/install/autonomous_navigation/share/autonomous_navigation/models/turtlebot3_waffle/model.config
-- Installing: /home/deadsec/ros2_ws/src/robotics_development/autonomous_navigation/install/autonomous_navigation/share/autonomous_navigation/models/turtlebot3_waffle/model.sdf
-- Installing: /home/deadsec/ros2_ws/src/robotics_development/autonomous_navigation/install/autonomous_navigation/share/autonomous_navigation/models/turtlebot3_waffle/model-1_4.sdf
-- Installing: /home/deadsec/ros2_ws/src/robotics_development/autonomous_navigation/install/autonomous_navigation/share/autonomous_navigation/models/aws_robomaker_warehouse_ShelfE_01
-- Installing: /home/deadsec/ros2_ws/src/robotics_development/autonomous_navigation/install/autonomous_navigation/share/autonomous_navigation/models/aws_robomaker_warehouse_ShelfE_01/meshes
-- Installing: /home/deadsec/ros2_ws/src/robotics_development/autonomous_navigation/install/autonomous_navigation/share/autonomous_navigation/models/aws_robomaker_warehouse_ShelfE_01/meshes/aws_robomaker_warehouse_ShelfE_01_collision.DAE
-- Installing: /home/deadsec/ros2_ws/src/robotics_development/autonomous_navigation/install/autonomous_navigation/share/autonomous_navigation/models/aws_robomaker_warehouse_ShelfE_01/meshes/aws_robomaker_warehouse_ShelfE_01_visual.DAE
-- Installing: /home/deadsec/ros2_ws/src/robotics_development/autonomous_navigation/install/autonomous_navigation/share/autonomous_navigation/models/aws_robomaker_warehouse_ShelfE_01/model.config
-- Installing: /home/deadsec/ros2_ws/src/robotics_development/autonomous_navigation/install/autonomous_navigation/share/autonomous_navigation/models/aws_robomaker_warehouse_ShelfE_01/model.sdf
-- Installing: /home/deadsec/ros2_ws/src/robotics_development/autonomous_navigation/install/autonomous_navigation/share/autonomous_navigation/models/aws_robomaker_warehouse_ShelfE_01/materials
-- Installing: /home/deadsec/ros2_ws/src/robotics_development/autonomous_navigation/install/autonomous_navigation/share/autonomous_navigation/models/aws_robomaker_warehouse_ShelfE_01/materials/textures
-- Installing: /home/deadsec/ros2_ws/src/robotics_development/autonomous_navigation/install/autonomous_navigation/share/autonomous_navigation/models/aws_robomaker_warehouse_ShelfE_01/materials/textures/aws_robomaker_warehouse_ShelfE_03.png
-- Installing: /home/deadsec/ros2_ws/src/robotics_development/autonomous_navigation/install/autonomous_navigation/share/autonomous_navigation/models/aws_robomaker_warehouse_ShelfE_01/materials/textures/aws_robomaker_warehouse_ShelfE_02.png
-- Installing: /home/deadsec/ros2_ws/src/robotics_development/autonomous_navigation/install/autonomous_navigation/share/autonomous_navigation/models/aws_robomaker_warehouse_ShelfE_01/materials/textures/aws_robomaker_warehouse_ShelfE_04.png
-- Installing: /home/deadsec/ros2_ws/src/robotics_development/autonomous_navigation/install/autonomous_navigation/share/autonomous_navigation/models/aws_robomaker_warehouse_ShelfE_01/materials/textures/aws_robomaker_warehouse_ShelfE_01.png
-- Installing: /home/deadsec/ros2_ws/src/robotics_development/autonomous_navigation/install/autonomous_navigation/share/autonomous_navigation/models/aws_robomaker_warehouse_ShelfE_01/materials/.DS_Store
-- Installing: /home/deadsec/ros2_ws/src/robotics_development/autonomous_navigation/install/autonomous_navigation/share/autonomous_navigation/models/aws_robomaker_warehouse_ShelfE_01/.DS_Store
-- Installing: /home/deadsec/ros2_ws/src/robotics_development/autonomous_navigation/install/autonomous_navigation/share/autonomous_navigation/models/turtlebot3_waffle_pi
-- Installing: /home/deadsec/ros2_ws/src/robotics_development/autonomous_navigation/install/autonomous_navigation/share/autonomous_navigation/models/turtlebot3_waffle_pi/model-1_4_.sdf
-- Installing: /home/deadsec/ros2_ws/src/robotics_development/autonomous_navigation/install/autonomous_navigation/share/autonomous_navigation/models/turtlebot3_waffle_pi/model.config
-- Installing: /home/deadsec/ros2_ws/src/robotics_development/autonomous_navigation/install/autonomous_navigation/share/autonomous_navigation/models/turtlebot3_waffle_pi/model.sdf
-- Installing: /home/deadsec/ros2_ws/src/robotics_development/autonomous_navigation/install/autonomous_navigation/share/autonomous_navigation/models/aws_robomaker_warehouse_ClutteringD_01
-- Installing: /home/deadsec/ros2_ws/src/robotics_development/autonomous_navigation/install/autonomous_navigation/share/autonomous_navigation/models/aws_robomaker_warehouse_ClutteringD_01/meshes
-- Installing: /home/deadsec/ros2_ws/src/robotics_development/autonomous_navigation/install/autonomous_navigation/share/autonomous_navigation/models/aws_robomaker_warehouse_ClutteringD_01/meshes/aws_robomaker_warehouse_ClutteringD_01_collision.DAE
-- Installing: /home/deadsec/ros2_ws/src/robotics_development/autonomous_navigation/install/autonomous_navigation/share/autonomous_navigation/models/aws_robomaker_warehouse_ClutteringD_01/meshes/aws_robomaker_warehouse_ClutteringD_01_visual.DAE
-- Installing: /home/deadsec/ros2_ws/src/robotics_development/autonomous_navigation/install/autonomous_navigation/share/autonomous_navigation/models/aws_robomaker_warehouse_ClutteringD_01/model.config
-- Installing: /home/deadsec/ros2_ws/src/robotics_development/autonomous_navigation/install/autonomous_navigation/share/autonomous_navigation/models/aws_robomaker_warehouse_ClutteringD_01/model.sdf
-- Installing: /home/deadsec/ros2_ws/src/robotics_development/autonomous_navigation/install/autonomous_navigation/share/autonomous_navigation/models/aws_robomaker_warehouse_ClutteringD_01/materials
-- Installing: /home/deadsec/ros2_ws/src/robotics_development/autonomous_navigation/install/autonomous_navigation/share/autonomous_navigation/models/aws_robomaker_warehouse_ClutteringD_01/materials/textures
-- Installing: /home/deadsec/ros2_ws/src/robotics_development/autonomous_navigation/install/autonomous_navigation/share/autonomous_navigation/models/aws_robomaker_warehouse_ClutteringD_01/materials/textures/aws_robomaker_warehouse_ClutteringD_02.png
-- Installing: /home/deadsec/ros2_ws/src/robotics_development/autonomous_navigation/install/autonomous_navigation/share/autonomous_navigation/models/aws_robomaker_warehouse_ClutteringD_01/materials/textures/aws_robomaker_warehouse_ClutteringD_01.png
-- Installing: /home/deadsec/ros2_ws/src/robotics_development/autonomous_navigation/install/autonomous_navigation/share/autonomous_navigation/models/aws_robomaker_warehouse_GroundB_01
-- Installing: /home/deadsec/ros2_ws/src/robotics_development/autonomous_navigation/install/autonomous_navigation/share/autonomous_navigation/models/aws_robomaker_warehouse_GroundB_01/meshes
-- Installing: /home/deadsec/ros2_ws/src/robotics_development/autonomous_navigation/install/autonomous_navigation/share/autonomous_navigation/models/aws_robomaker_warehouse_GroundB_01/meshes/aws_robomaker_warehouse_GroundB_01_visual.DAE
-- Installing: /home/deadsec/ros2_ws/src/robotics_development/autonomous_navigation/install/autonomous_navigation/share/autonomous_navigation/models/aws_robomaker_warehouse_GroundB_01/meshes/aws_robomaker_warehouse_GroundB_01_collision.DAE
-- Installing: /home/deadsec/ros2_ws/src/robotics_development/autonomous_navigation/install/autonomous_navigation/share/autonomous_navigation/models/aws_robomaker_warehouse_GroundB_01/model.config
-- Installing: /home/deadsec/ros2_ws/src/robotics_development/autonomous_navigation/install/autonomous_navigation/share/autonomous_navigation/models/aws_robomaker_warehouse_GroundB_01/model.sdf
-- Installing: /home/deadsec/ros2_ws/src/robotics_development/autonomous_navigation/install/autonomous_navigation/share/autonomous_navigation/models/aws_robomaker_warehouse_GroundB_01/materials
-- Installing: /home/deadsec/ros2_ws/src/robotics_development/autonomous_navigation/install/autonomous_navigation/share/autonomous_navigation/models/aws_robomaker_warehouse_GroundB_01/materials/textures
-- Installing: /home/deadsec/ros2_ws/src/robotics_development/autonomous_navigation/install/autonomous_navigation/share/autonomous_navigation/models/aws_robomaker_warehouse_GroundB_01/materials/textures/aws_robomaker_warehouse_GroundB_02.png
-- Installing: /home/deadsec/ros2_ws/src/robotics_development/autonomous_navigation/install/autonomous_navigation/share/autonomous_navigation/models/aws_robomaker_warehouse_GroundB_01/materials/textures/aws_robomaker_warehouse_GroundB_01.png
-- Installing: /home/deadsec/ros2_ws/src/robotics_development/autonomous_navigation/install/autonomous_navigation/share/autonomous_navigation/models/aws_robomaker_warehouse_Lamp_01
-- Installing: /home/deadsec/ros2_ws/src/robotics_development/autonomous_navigation/install/autonomous_navigation/share/autonomous_navigation/models/aws_robomaker_warehouse_Lamp_01/meshes
-- Installing: /home/deadsec/ros2_ws/src/robotics_development/autonomous_navigation/install/autonomous_navigation/share/autonomous_navigation/models/aws_robomaker_warehouse_Lamp_01/meshes/aws_robomaker_warehouse_Lamp_01_collision.DAE
-- Installing: /home/deadsec/ros2_ws/src/robotics_development/autonomous_navigation/install/autonomous_navigation/share/autonomous_navigation/models/aws_robomaker_warehouse_Lamp_01/meshes/aws_robomaker_warehouse_Lamp_01_visual.DAE
-- Installing: /home/deadsec/ros2_ws/src/robotics_development/autonomous_navigation/install/autonomous_navigation/share/autonomous_navigation/models/aws_robomaker_warehouse_Lamp_01/model.config
-- Installing: /home/deadsec/ros2_ws/src/robotics_development/autonomous_navigation/install/autonomous_navigation/share/autonomous_navigation/models/aws_robomaker_warehouse_Lamp_01/model.sdf
-- Installing: /home/deadsec/ros2_ws/src/robotics_development/autonomous_navigation/install/autonomous_navigation/share/autonomous_navigation/models/aws_robomaker_warehouse_Lamp_01/materials
-- Installing: /home/deadsec/ros2_ws/src/robotics_development/autonomous_navigation/install/autonomous_navigation/share/autonomous_navigation/models/aws_robomaker_warehouse_Lamp_01/materials/textures
-- Installing: /home/deadsec/ros2_ws/src/robotics_development/autonomous_navigation/install/autonomous_navigation/share/autonomous_navigation/models/aws_robomaker_warehouse_Lamp_01/materials/textures/aws_robomaker_warehouse_Lamp_01.png
-- Installing: /home/deadsec/ros2_ws/src/robotics_development/autonomous_navigation/install/autonomous_navigation/share/autonomous_navigation/models/turtlebot3_dqn_world
-- Installing: /home/deadsec/ros2_ws/src/robotics_development/autonomous_navigation/install/autonomous_navigation/share/autonomous_navigation/models/turtlebot3_dqn_world/textures
-- Installing: /home/deadsec/ros2_ws/src/robotics_development/autonomous_navigation/install/autonomous_navigation/share/autonomous_navigation/models/turtlebot3_dqn_world/textures/wood.png
-- Installing: /home/deadsec/ros2_ws/src/robotics_development/autonomous_navigation/install/autonomous_navigation/share/autonomous_navigation/models/turtlebot3_dqn_world/obstacle1
-- Installing: /home/deadsec/ros2_ws/src/robotics_development/autonomous_navigation/install/autonomous_navigation/share/autonomous_navigation/models/turtlebot3_dqn_world/obstacle1/model.config
-- Installing: /home/deadsec/ros2_ws/src/robotics_development/autonomous_navigation/install/autonomous_navigation/share/autonomous_navigation/models/turtlebot3_dqn_world/obstacle1/model.sdf
-- Installing: /home/deadsec/ros2_ws/src/robotics_development/autonomous_navigation/install/autonomous_navigation/share/autonomous_navigation/models/turtlebot3_dqn_world/model.config
-- Installing: /home/deadsec/ros2_ws/src/robotics_development/autonomous_navigation/install/autonomous_navigation/share/autonomous_navigation/models/turtlebot3_dqn_world/model.sdf
-- Installing: /home/deadsec/ros2_ws/src/robotics_development/autonomous_navigation/install/autonomous_navigation/share/autonomous_navigation/models/turtlebot3_dqn_world/obstacles
-- Installing: /home/deadsec/ros2_ws/src/robotics_development/autonomous_navigation/install/autonomous_navigation/share/autonomous_navigation/models/turtlebot3_dqn_world/obstacles/model.config
-- Installing: /home/deadsec/ros2_ws/src/robotics_development/autonomous_navigation/install/autonomous_navigation/share/autonomous_navigation/models/turtlebot3_dqn_world/obstacles/model.sdf
-- Installing: /home/deadsec/ros2_ws/src/robotics_development/autonomous_navigation/install/autonomous_navigation/share/autonomous_navigation/models/turtlebot3_dqn_world/goal_box
-- Installing: /home/deadsec/ros2_ws/src/robotics_development/autonomous_navigation/install/autonomous_navigation/share/autonomous_navigation/models/turtlebot3_dqn_world/goal_box/model.config
-- Installing: /home/deadsec/ros2_ws/src/robotics_development/autonomous_navigation/install/autonomous_navigation/share/autonomous_navigation/models/turtlebot3_dqn_world/goal_box/model.sdf
-- Installing: /home/deadsec/ros2_ws/src/robotics_development/autonomous_navigation/install/autonomous_navigation/share/autonomous_navigation/models/turtlebot3_dqn_world/obstacle2
-- Installing: /home/deadsec/ros2_ws/src/robotics_development/autonomous_navigation/install/autonomous_navigation/share/autonomous_navigation/models/turtlebot3_dqn_world/obstacle2/model.config
-- Installing: /home/deadsec/ros2_ws/src/robotics_development/autonomous_navigation/install/autonomous_navigation/share/autonomous_navigation/models/turtlebot3_dqn_world/obstacle2/model.sdf
-- Installing: /home/deadsec/ros2_ws/src/robotics_development/autonomous_navigation/install/autonomous_navigation/share/autonomous_navigation/models/turtlebot3_dqn_world/inner_walls
-- Installing: /home/deadsec/ros2_ws/src/robotics_development/autonomous_navigation/install/autonomous_navigation/share/autonomous_navigation/models/turtlebot3_dqn_world/inner_walls/textures
-- Installing: /home/deadsec/ros2_ws/src/robotics_development/autonomous_navigation/install/autonomous_navigation/share/autonomous_navigation/models/turtlebot3_dqn_world/inner_walls/textures/wood.png
-- Installing: /home/deadsec/ros2_ws/src/robotics_development/autonomous_navigation/install/autonomous_navigation/share/autonomous_navigation/models/turtlebot3_dqn_world/inner_walls/model.config
-- Installing: /home/deadsec/ros2_ws/src/robotics_development/autonomous_navigation/install/autonomous_navigation/share/autonomous_navigation/models/turtlebot3_dqn_world/inner_walls/model.sdf
-- Installing: /home/deadsec/ros2_ws/src/robotics_development/autonomous_navigation/install/autonomous_navigation/share/autonomous_navigation/models/aws_robomaker_warehouse_ClutteringA_01
-- Installing: /home/deadsec/ros2_ws/src/robotics_development/autonomous_navigation/install/autonomous_navigation/share/autonomous_navigation/models/aws_robomaker_warehouse_ClutteringA_01/meshes
-- Installing: /home/deadsec/ros2_ws/src/robotics_development/autonomous_navigation/install/autonomous_navigation/share/autonomous_navigation/models/aws_robomaker_warehouse_ClutteringA_01/meshes/aws_robomaker_warehouse_ClutteringA_01_collision.DAE
-- Installing: /home/deadsec/ros2_ws/src/robotics_development/autonomous_navigation/install/autonomous_navigation/share/autonomous_navigation/models/aws_robomaker_warehouse_ClutteringA_01/meshes/aws_robomaker_warehouse_ClutteringA_01_visual.DAE
-- Installing: /home/deadsec/ros2_ws/src/robotics_development/autonomous_navigation/install/autonomous_navigation/share/autonomous_navigation/models/aws_robomaker_warehouse_ClutteringA_01/model.config
-- Installing: /home/deadsec/ros2_ws/src/robotics_development/autonomous_navigation/install/autonomous_navigation/share/autonomous_navigation/models/aws_robomaker_warehouse_ClutteringA_01/model.sdf
-- Installing: /home/deadsec/ros2_ws/src/robotics_development/autonomous_navigation/install/autonomous_navigation/share/autonomous_navigation/models/aws_robomaker_warehouse_ClutteringA_01/materials
-- Installing: /home/deadsec/ros2_ws/src/robotics_development/autonomous_navigation/install/autonomous_navigation/share/autonomous_navigation/models/aws_robomaker_warehouse_ClutteringA_01/materials/textures
-- Installing: /home/deadsec/ros2_ws/src/robotics_development/autonomous_navigation/install/autonomous_navigation/share/autonomous_navigation/models/aws_robomaker_warehouse_ClutteringA_01/materials/textures/aws_robomaker_warehouse_ClutteringA_03.png
-- Installing: /home/deadsec/ros2_ws/src/robotics_development/autonomous_navigation/install/autonomous_navigation/share/autonomous_navigation/models/aws_robomaker_warehouse_ClutteringA_01/materials/textures/aws_robomaker_warehouse_ClutteringA_01.png
-- Installing: /home/deadsec/ros2_ws/src/robotics_development/autonomous_navigation/install/autonomous_navigation/share/autonomous_navigation/models/aws_robomaker_warehouse_ClutteringA_01/materials/textures/aws_robomaker_warehouse_ClutteringA_02.png
-- Installing: /home/deadsec/ros2_ws/src/robotics_development/autonomous_navigation/install/autonomous_navigation/share/autonomous_navigation/models/aws_robomaker_warehouse_ClutteringA_01/materials/textures/.DS_Store
-- Installing: /home/deadsec/ros2_ws/src/robotics_development/autonomous_navigation/install/autonomous_navigation/share/autonomous_navigation/models/aws_robomaker_warehouse_ClutteringA_01/materials/.DS_Store
-- Installing: /home/deadsec/ros2_ws/src/robotics_development/autonomous_navigation/install/autonomous_navigation/share/autonomous_navigation/models/aws_robomaker_warehouse_ClutteringA_01/.DS_Store
-- Installing: /home/deadsec/ros2_ws/src/robotics_development/autonomous_navigation/install/autonomous_navigation/share/autonomous_navigation/config
-- Installing: /home/deadsec/ros2_ws/src/robotics_development/autonomous_navigation/install/autonomous_navigation/share/autonomous_navigation/config/mapper_params_online_async.yaml
-- Installing: /home/deadsec/ros2_ws/src/robotics_development/autonomous_navigation/install/autonomous_navigation/share/autonomous_navigation/config/explore.yaml
-- Installing: /home/deadsec/ros2_ws/src/robotics_development/autonomous_navigation/install/autonomous_navigation/share/autonomous_navigation/config/nav2_params_slam.yaml
-- Installing: /home/deadsec/ros2_ws/src/robotics_development/autonomous_navigation/install/autonomous_navigation/share/autonomous_navigation/rviz
-- Installing: /home/deadsec/ros2_ws/src/robotics_development/autonomous_navigation/install/autonomous_navigation/share/autonomous_navigation/rviz/auto_slam.rviz
-- Installing: /home/deadsec/ros2_ws/src/robotics_development/autonomous_navigation/install/autonomous_navigation/share/autonomous_navigation/scripts
-- Installing: /home/deadsec/ros2_ws/src/robotics_development/autonomous_navigation/install/autonomous_navigation/share/autonomous_navigation/scripts/save_map.sh
-- Installing: /home/deadsec/ros2_ws/src/robotics_development/autonomous_navigation/install/autonomous_navigation/share/autonomous_navigation/maps
-- Installing: /home/deadsec/ros2_ws/src/robotics_development/autonomous_navigation/install/autonomous_navigation/share/autonomous_navigation/maps/my_office_map.yaml
-- Installing: /home/deadsec/ros2_ws/src/robotics_development/autonomous_navigation/install/autonomous_navigation/share/autonomous_navigation/maps/office_checkpoint_1.posegraph
-- Installing: /home/deadsec/ros2_ws/src/robotics_development/autonomous_navigation/install/autonomous_navigation/share/autonomous_navigation/maps/my_office_map.pgm
-- Installing: /home/deadsec/ros2_ws/src/robotics_development/autonomous_navigation/install/autonomous_navigation/share/autonomous_navigation/maps/office_checkpoint_1.data
-- Installing: /home/deadsec/ros2_ws/src/robotics_development/autonomous_navigation/install/autonomous_navigation/share/ament_index/resource_index/package_run_dependencies/autonomous_navigation
-- Installing: /home/deadsec/ros2_ws/src/robotics_development/autonomous_navigation/install/autonomous_navigation/share/ament_index/resource_index/parent_prefix_path/autonomous_navigation
-- Installing: /home/deadsec/ros2_ws/src/robotics_development/autonomous_navigation/install/autonomous_navigation/share/autonomous_navigation/environment/ament_prefix_path.sh
-- Installing: /home/deadsec/ros2_ws/src/robotics_development/autonomous_navigation/install/autonomous_navigation/share/autonomous_navigation/environment/ament_prefix_path.dsv
-- Installing: /home/deadsec/ros2_ws/src/robotics_development/autonomous_navigation/install/autonomous_navigation/share/autonomous_navigation/environment/path.sh
-- Installing: /home/deadsec/ros2_ws/src/robotics_development/autonomous_navigation/install/autonomous_navigation/share/autonomous_navigation/environment/path.dsv
-- Installing: /home/deadsec/ros2_ws/src/robotics_development/autonomous_navigation/install/autonomous_navigation/share/autonomous_navigation/local_setup.bash
-- Installing: /home/deadsec/ros2_ws/src/robotics_development/autonomous_navigation/install/autonomous_navigation/share/autonomous_navigation/local_setup.sh
-- Installing: /home/deadsec/ros2_ws/src/robotics_development/autonomous_navigation/install/autonomous_navigation/share/autonomous_navigation/local_setup.zsh
-- Installing: /home/deadsec/ros2_ws/src/robotics_development/autonomous_navigation/install/autonomous_navigation/share/autonomous_navigation/local_setup.dsv
-- Installing: /home/deadsec/ros2_ws/src/robotics_development/autonomous_navigation/install/autonomous_navigation/share/autonomous_navigation/package.dsv
-- Installing: /home/deadsec/ros2_ws/src/robotics_development/autonomous_navigation/install/autonomous_navigation/share/ament_index/resource_index/packages/autonomous_navigation
-- Installing: /home/deadsec/ros2_ws/src/robotics_development/autonomous_navigation/install/autonomous_navigation/share/autonomous_navigation/cmake/export_autonomous_navigation__rosidl_generator_cExport.cmake
-- Installing: /home/deadsec/ros2_ws/src/robotics_development/autonomous_navigation/install/autonomous_navigation/share/autonomous_navigation/cmake/export_autonomous_navigation__rosidl_generator_cExport-noconfig.cmake
-- Installing: /home/deadsec/ros2_ws/src/robotics_development/autonomous_navigation/install/autonomous_navigation/share/autonomous_navigation/cmake/export_autonomous_navigation__rosidl_typesupport_fastrtps_cExport.cmake
-- Installing: /home/deadsec/ros2_ws/src/robotics_development/autonomous_navigation/install/autonomous_navigation/share/autonomous_navigation/cmake/export_autonomous_navigation__rosidl_typesupport_fastrtps_cExport-noconfig.cmake
-- Installing: /home/deadsec/ros2_ws/src/robotics_development/autonomous_navigation/install/autonomous_navigation/share/autonomous_navigation/cmake/export_autonomous_navigation__rosidl_generator_cppExport.cmake
-- Installing: /home/deadsec/ros2_ws/src/robotics_development/autonomous_navigation/install/autonomous_navigation/share/autonomous_navigation/cmake/export_autonomous_navigation__rosidl_typesupport_fastrtps_cppExport.cmake
-- Installing: /home/deadsec/ros2_ws/src/robotics_development/autonomous_navigation/install/autonomous_navigation/share/autonomous_navigation/cmake/export_autonomous_navigation__rosidl_typesupport_fastrtps_cppExport-noconfig.cmake
-- Installing: /home/deadsec/ros2_ws/src/robotics_development/autonomous_navigation/install/autonomous_navigation/share/autonomous_navigation/cmake/autonomous_navigation__rosidl_typesupport_introspection_cExport.cmake
-- Installing: /home/deadsec/ros2_ws/src/robotics_development/autonomous_navigation/install/autonomous_navigation/share/autonomous_navigation/cmake/autonomous_navigation__rosidl_typesupport_introspection_cExport-noconfig.cmake
-- Installing: /home/deadsec/ros2_ws/src/robotics_development/autonomous_navigation/install/autonomous_navigation/share/autonomous_navigation/cmake/autonomous_navigation__rosidl_typesupport_cExport.cmake
-- Installing: /home/deadsec/ros2_ws/src/robotics_development/autonomous_navigation/install/autonomous_navigation/share/autonomous_navigation/cmake/autonomous_navigation__rosidl_typesupport_cExport-noconfig.cmake
-- Installing: /home/deadsec/ros2_ws/src/robotics_development/autonomous_navigation/install/autonomous_navigation/share/autonomous_navigation/cmake/autonomous_navigation__rosidl_typesupport_introspection_cppExport.cmake
-- Installing: /home/deadsec/ros2_ws/src/robotics_development/autonomous_navigation/install/autonomous_navigation/share/autonomous_navigation/cmake/autonomous_navigation__rosidl_typesupport_introspection_cppExport-noconfig.cmake
-- Installing: /home/deadsec/ros2_ws/src/robotics_development/autonomous_navigation/install/autonomous_navigation/share/autonomous_navigation/cmake/autonomous_navigation__rosidl_typesupport_cppExport.cmake
-- Installing: /home/deadsec/ros2_ws/src/robotics_development/autonomous_navigation/install/autonomous_navigation/share/autonomous_navigation/cmake/autonomous_navigation__rosidl_typesupport_cppExport-noconfig.cmake
-- Installing: /home/deadsec/ros2_ws/src/robotics_development/autonomous_navigation/install/autonomous_navigation/share/autonomous_navigation/cmake/export_autonomous_navigation__rosidl_generator_pyExport.cmake
-- Installing: /home/deadsec/ros2_ws/src/robotics_development/autonomous_navigation/install/autonomous_navigation/share/autonomous_navigation/cmake/export_autonomous_navigation__rosidl_generator_pyExport-noconfig.cmake
-- Installing: /home/deadsec/ros2_ws/src/robotics_development/autonomous_navigation/install/autonomous_navigation/share/autonomous_navigation/cmake/rosidl_cmake-extras.cmake
-- Installing: /home/deadsec/ros2_ws/src/robotics_development/autonomous_navigation/install/autonomous_navigation/share/autonomous_navigation/cmake/ament_cmake_export_dependencies-extras.cmake
-- Installing: /home/deadsec/ros2_ws/src/robotics_development/autonomous_navigation/install/autonomous_navigation/share/autonomous_navigation/cmake/ament_cmake_export_include_directories-extras.cmake
-- Installing: /home/deadsec/ros2_ws/src/robotics_development/autonomous_navigation/install/autonomous_navigation/share/autonomous_navigation/cmake/ament_cmake_export_libraries-extras.cmake
-- Installing: /home/deadsec/ros2_ws/src/robotics_development/autonomous_navigation/install/autonomous_navigation/share/autonomous_navigation/cmake/ament_cmake_export_targets-extras.cmake
-- Installing: /home/deadsec/ros2_ws/src/robotics_development/autonomous_navigation/install/autonomous_navigation/share/autonomous_navigation/cmake/rosidl_cmake_export_typesupport_targets-extras.cmake
-- Installing: /home/deadsec/ros2_ws/src/robotics_development/autonomous_navigation/install/autonomous_navigation/share/autonomous_navigation/cmake/rosidl_cmake_export_typesupport_libraries-extras.cmake
-- Installing: /home/deadsec/ros2_ws/src/robotics_development/autonomous_navigation/install/autonomous_navigation/share/autonomous_navigation/cmake/rosidl_cmake_aggregate_target-extras.cmake
-- Installing: /home/deadsec/ros2_ws/src/robotics_development/autonomous_navigation/install/autonomous_navigation/share/autonomous_navigation/cmake/autonomous_navigationConfig.cmake
-- Installing: /home/deadsec/ros2_ws/src/robotics_development/autonomous_navigation/install/autonomous_navigation/share/autonomous_navigation/cmake/autonomous_navigationConfig-version.cmake
-- Installing: /home/deadsec/ros2_ws/src/robotics_development/autonomous_navigation/install/autonomous_navigation/share/autonomous_navigation/package.xml
