[0.055s] DEBUG:colcon:Command line arguments: ['/usr/bin/colcon', 'build']
[0.055s] DEBUG:colcon:Parsed command line arguments: Namespace(log_base=None, log_level=None, verb_name='build', build_base='build', install_base='install', merge_install=False, symlink_install=False, test_result_base=None, continue_on_error=False, executor='parallel', parallel_workers=24, event_handlers=None, ignore_user_meta=False, metas=['./colcon.meta'], base_paths=['.'], packages_ignore=None, packages_ignore_regex=None, paths=None, packages_up_to=None, packages_up_to_regex=None, packages_above=None, packages_above_and_dependencies=None, packages_above_depth=None, packages_select_by_dep=None, packages_skip_by_dep=None, packages_skip_up_to=None, packages_select_build_failed=False, packages_skip_build_finished=False, packages_select_test_failures=False, packages_skip_test_passed=False, packages_select=None, packages_skip=None, packages_select_regex=None, packages_skip_regex=None, packages_start=None, packages_end=None, allow_overriding=[], cmake_args=None, cmake_target=None, cmake_target_skip_unavailable=False, cmake_clean_cache=False, cmake_clean_first=False, cmake_force_configure=False, ament_cmake_args=None, catkin_cmake_args=None, catkin_skip_building_tests=False, mixin_files=None, mixin=None, verb_parser=<colcon_mixin.mixin.mixin_argument.MixinArgumentDecorator object at 0x745879b90d40>, verb_extension=<colcon_core.verb.build.BuildVerb object at 0x745879b906e0>, main=<bound method BuildVerb.main of <colcon_core.verb.build.BuildVerb object at 0x745879b906e0>>, mixin_verb=('build',))
[0.073s] Level 1:colcon.colcon_core.package_discovery:discover_packages(colcon_meta) check parameters
[0.073s] Level 1:colcon.colcon_core.package_discovery:discover_packages(recursive) check parameters
[0.073s] Level 1:colcon.colcon_core.package_discovery:discover_packages(ignore) check parameters
[0.073s] Level 1:colcon.colcon_core.package_discovery:discover_packages(path) check parameters
[0.073s] Level 1:colcon.colcon_core.package_discovery:discover_packages(colcon_meta) discover
[0.073s] Level 1:colcon.colcon_core.package_discovery:discover_packages(recursive) discover
[0.073s] INFO:colcon.colcon_core.package_discovery:Crawling recursively for packages in '/home/deadsec/robotics_development'
[0.073s] Level 1:colcon.colcon_core.package_identification:_identify(.) by extensions ['ignore', 'ignore_ament_install']
[0.073s] Level 1:colcon.colcon_core.package_identification:_identify(.) by extension 'ignore'
[0.073s] Level 1:colcon.colcon_core.package_identification:_identify(.) by extension 'ignore_ament_install'
[0.073s] Level 1:colcon.colcon_core.package_identification:_identify(.) by extensions ['colcon_pkg']
[0.073s] Level 1:colcon.colcon_core.package_identification:_identify(.) by extension 'colcon_pkg'
[0.073s] Level 1:colcon.colcon_core.package_identification:_identify(.) by extensions ['colcon_meta']
[0.073s] Level 1:colcon.colcon_core.package_identification:_identify(.) by extension 'colcon_meta'
[0.073s] Level 1:colcon.colcon_core.package_identification:_identify(.) by extensions ['ros']
[0.073s] Level 1:colcon.colcon_core.package_identification:_identify(.) by extension 'ros'
[0.086s] Level 1:colcon.colcon_core.package_identification:_identify(.) by extensions ['cmake', 'python']
[0.086s] Level 1:colcon.colcon_core.package_identification:_identify(.) by extension 'cmake'
[0.086s] Level 1:colcon.colcon_core.package_identification:_identify(.) by extension 'python'
[0.086s] Level 1:colcon.colcon_core.package_identification:_identify(.) by extensions ['python_setup_py']
[0.086s] Level 1:colcon.colcon_core.package_identification:_identify(.) by extension 'python_setup_py'
[0.086s] Level 1:colcon.colcon_core.package_identification:_identify(build) by extensions ['ignore', 'ignore_ament_install']
[0.086s] Level 1:colcon.colcon_core.package_identification:_identify(build) by extension 'ignore'
[0.086s] Level 1:colcon.colcon_core.package_identification:_identify(build) ignored
[0.086s] Level 1:colcon.colcon_core.package_identification:_identify(install) by extensions ['ignore', 'ignore_ament_install']
[0.086s] Level 1:colcon.colcon_core.package_identification:_identify(install) by extension 'ignore'
[0.086s] Level 1:colcon.colcon_core.package_identification:_identify(install) ignored
[0.086s] Level 1:colcon.colcon_core.package_identification:_identify(log) by extensions ['ignore', 'ignore_ament_install']
[0.086s] Level 1:colcon.colcon_core.package_identification:_identify(log) by extension 'ignore'
[0.086s] Level 1:colcon.colcon_core.package_identification:_identify(log) ignored
[0.087s] Level 1:colcon.colcon_core.package_identification:_identify(src) by extensions ['ignore', 'ignore_ament_install']
[0.087s] Level 1:colcon.colcon_core.package_identification:_identify(src) by extension 'ignore'
[0.087s] Level 1:colcon.colcon_core.package_identification:_identify(src) by extension 'ignore_ament_install'
[0.087s] Level 1:colcon.colcon_core.package_identification:_identify(src) by extensions ['colcon_pkg']
[0.087s] Level 1:colcon.colcon_core.package_identification:_identify(src) by extension 'colcon_pkg'
[0.087s] Level 1:colcon.colcon_core.package_identification:_identify(src) by extensions ['colcon_meta']
[0.087s] Level 1:colcon.colcon_core.package_identification:_identify(src) by extension 'colcon_meta'
[0.087s] Level 1:colcon.colcon_core.package_identification:_identify(src) by extensions ['ros']
[0.087s] Level 1:colcon.colcon_core.package_identification:_identify(src) by extension 'ros'
[0.087s] Level 1:colcon.colcon_core.package_identification:_identify(src) by extensions ['cmake', 'python']
[0.087s] Level 1:colcon.colcon_core.package_identification:_identify(src) by extension 'cmake'
[0.087s] Level 1:colcon.colcon_core.package_identification:_identify(src) by extension 'python'
[0.087s] Level 1:colcon.colcon_core.package_identification:_identify(src) by extensions ['python_setup_py']
[0.087s] Level 1:colcon.colcon_core.package_identification:_identify(src) by extension 'python_setup_py'
[0.087s] Level 1:colcon.colcon_core.package_identification:_identify(src/go_to_pose_pkg) by extensions ['ignore', 'ignore_ament_install']
[0.087s] Level 1:colcon.colcon_core.package_identification:_identify(src/go_to_pose_pkg) by extension 'ignore'
[0.087s] Level 1:colcon.colcon_core.package_identification:_identify(src/go_to_pose_pkg) by extension 'ignore_ament_install'
[0.087s] Level 1:colcon.colcon_core.package_identification:_identify(src/go_to_pose_pkg) by extensions ['colcon_pkg']
[0.087s] Level 1:colcon.colcon_core.package_identification:_identify(src/go_to_pose_pkg) by extension 'colcon_pkg'
[0.087s] Level 1:colcon.colcon_core.package_identification:_identify(src/go_to_pose_pkg) by extensions ['colcon_meta']
[0.087s] Level 1:colcon.colcon_core.package_identification:_identify(src/go_to_pose_pkg) by extension 'colcon_meta'
[0.087s] Level 1:colcon.colcon_core.package_identification:_identify(src/go_to_pose_pkg) by extensions ['ros']
[0.087s] Level 1:colcon.colcon_core.package_identification:_identify(src/go_to_pose_pkg) by extension 'ros'
[0.088s] DEBUG:colcon.colcon_core.package_identification:Package 'src/go_to_pose_pkg' with type 'ros.ament_cmake' and name 'go_to_pose_pkg'
[0.088s] Level 1:colcon.colcon_core.package_discovery:discover_packages(recursive) using defaults
[0.088s] Level 1:colcon.colcon_core.package_discovery:discover_packages(ignore) discover
[0.088s] Level 1:colcon.colcon_core.package_discovery:discover_packages(ignore) using defaults
[0.088s] Level 1:colcon.colcon_core.package_discovery:discover_packages(path) discover
[0.088s] Level 1:colcon.colcon_core.package_discovery:discover_packages(path) using defaults
[0.097s] Level 1:colcon.colcon_core.package_discovery:discover_packages(prefix_path) check parameters
[0.097s] Level 1:colcon.colcon_core.package_discovery:discover_packages(prefix_path) discover
[0.097s] DEBUG:colcon.colcon_installed_package_information.package_discovery:Found 1 installed packages in /home/deadsec/robotics_development/install
[0.098s] DEBUG:colcon.colcon_installed_package_information.package_discovery:Found 320 installed packages in /opt/ros/jazzy
[0.099s] Level 1:colcon.colcon_core.package_discovery:discover_packages(prefix_path) using defaults
[0.121s] Level 5:colcon.colcon_core.verb:set package 'go_to_pose_pkg' build argument 'cmake_args' from command line to 'None'
[0.121s] Level 5:colcon.colcon_core.verb:set package 'go_to_pose_pkg' build argument 'cmake_target' from command line to 'None'
[0.121s] Level 5:colcon.colcon_core.verb:set package 'go_to_pose_pkg' build argument 'cmake_target_skip_unavailable' from command line to 'False'
[0.121s] Level 5:colcon.colcon_core.verb:set package 'go_to_pose_pkg' build argument 'cmake_clean_cache' from command line to 'False'
[0.121s] Level 5:colcon.colcon_core.verb:set package 'go_to_pose_pkg' build argument 'cmake_clean_first' from command line to 'False'
[0.121s] Level 5:colcon.colcon_core.verb:set package 'go_to_pose_pkg' build argument 'cmake_force_configure' from command line to 'False'
[0.121s] Level 5:colcon.colcon_core.verb:set package 'go_to_pose_pkg' build argument 'ament_cmake_args' from command line to 'None'
[0.121s] Level 5:colcon.colcon_core.verb:set package 'go_to_pose_pkg' build argument 'catkin_cmake_args' from command line to 'None'
[0.121s] Level 5:colcon.colcon_core.verb:set package 'go_to_pose_pkg' build argument 'catkin_skip_building_tests' from command line to 'False'
[0.121s] DEBUG:colcon.colcon_core.verb:Building package 'go_to_pose_pkg' with the following arguments: {'ament_cmake_args': None, 'build_base': '/home/deadsec/robotics_development/build/go_to_pose_pkg', 'catkin_cmake_args': None, 'catkin_skip_building_tests': False, 'cmake_args': None, 'cmake_clean_cache': False, 'cmake_clean_first': False, 'cmake_force_configure': False, 'cmake_target': None, 'cmake_target_skip_unavailable': False, 'install_base': '/home/deadsec/robotics_development/install/go_to_pose_pkg', 'merge_install': False, 'path': '/home/deadsec/robotics_development/src/go_to_pose_pkg', 'symlink_install': False, 'test_result_base': None}
[0.121s] INFO:colcon.colcon_core.executor:Executing jobs using 'parallel' executor
[0.122s] DEBUG:colcon.colcon_parallel_executor.executor.parallel:run_until_complete
[0.122s] INFO:colcon.colcon_ros.task.ament_cmake.build:Building ROS package in '/home/deadsec/robotics_development/src/go_to_pose_pkg' with build type 'ament_cmake'
[0.122s] INFO:colcon.colcon_cmake.task.cmake.build:Building CMake package in '/home/deadsec/robotics_development/src/go_to_pose_pkg'
[0.123s] INFO:colcon.colcon_core.plugin_system:Skipping extension 'colcon_core.shell.bat': Not used on non-Windows systems
[0.123s] INFO:colcon.colcon_core.shell:Skip shell extension 'powershell' for command environment: Not usable outside of PowerShell
[0.123s] DEBUG:colcon.colcon_core.shell:Skip shell extension 'dsv' for command environment
[0.128s] DEBUG:colcon.colcon_core.event_handler.log_command:Invoking command in '/home/deadsec/robotics_development/build/go_to_pose_pkg': CMAKE_PREFIX_PATH=${CMAKE_PREFIX_PATH}:/opt/ros/jazzy DEBUGINFOD_URLS=https://debuginfod.ubuntu.com /usr/bin/cmake --build /home/deadsec/robotics_development/build/go_to_pose_pkg -- -j24 -l24
[4.312s] DEBUG:colcon.colcon_core.event_handler.log_command:Invoked command in '/home/deadsec/robotics_development/build/go_to_pose_pkg' returned '0': CMAKE_PREFIX_PATH=${CMAKE_PREFIX_PATH}:/opt/ros/jazzy DEBUGINFOD_URLS=https://debuginfod.ubuntu.com /usr/bin/cmake --build /home/deadsec/robotics_development/build/go_to_pose_pkg -- -j24 -l24
[4.324s] DEBUG:colcon.colcon_core.event_handler.log_command:Invoking command in '/home/deadsec/robotics_development/build/go_to_pose_pkg': CMAKE_PREFIX_PATH=${CMAKE_PREFIX_PATH}:/opt/ros/jazzy DEBUGINFOD_URLS=https://debuginfod.ubuntu.com /usr/bin/cmake --install /home/deadsec/robotics_development/build/go_to_pose_pkg
[4.352s] Level 1:colcon.colcon_core.environment:create_environment_scripts_only(go_to_pose_pkg)
[4.354s] DEBUG:colcon.colcon_core.event_handler.log_command:Invoked command in '/home/deadsec/robotics_development/build/go_to_pose_pkg' returned '0': CMAKE_PREFIX_PATH=${CMAKE_PREFIX_PATH}:/opt/ros/jazzy DEBUGINFOD_URLS=https://debuginfod.ubuntu.com /usr/bin/cmake --install /home/deadsec/robotics_development/build/go_to_pose_pkg
[4.356s] Level 1:colcon.colcon_core.environment:checking '/home/deadsec/robotics_development/install/go_to_pose_pkg' for CMake module files
[4.357s] Level 1:colcon.colcon_core.environment:checking '/home/deadsec/robotics_development/install/go_to_pose_pkg' for CMake config files
[4.358s] Level 1:colcon.colcon_core.shell:create_environment_hook('go_to_pose_pkg', 'cmake_prefix_path')
[4.358s] INFO:colcon.colcon_core.shell:Creating environment hook '/home/deadsec/robotics_development/install/go_to_pose_pkg/share/go_to_pose_pkg/hook/cmake_prefix_path.ps1'
[4.359s] INFO:colcon.colcon_core.shell:Creating environment descriptor '/home/deadsec/robotics_development/install/go_to_pose_pkg/share/go_to_pose_pkg/hook/cmake_prefix_path.dsv'
[4.360s] INFO:colcon.colcon_core.shell:Creating environment hook '/home/deadsec/robotics_development/install/go_to_pose_pkg/share/go_to_pose_pkg/hook/cmake_prefix_path.sh'
[4.361s] Level 1:colcon.colcon_core.environment:checking '/home/deadsec/robotics_development/install/go_to_pose_pkg/lib'
[4.362s] Level 1:colcon.colcon_core.environment:checking '/home/deadsec/robotics_development/install/go_to_pose_pkg/bin'
[4.362s] Level 1:colcon.colcon_core.environment:checking '/home/deadsec/robotics_development/install/go_to_pose_pkg/lib/pkgconfig/go_to_pose_pkg.pc'
[4.362s] Level 1:colcon.colcon_core.environment:checking '/home/deadsec/robotics_development/install/go_to_pose_pkg/lib/python3.12/site-packages'
[4.363s] Level 1:colcon.colcon_core.environment:checking '/home/deadsec/robotics_development/install/go_to_pose_pkg/bin'
[4.364s] INFO:colcon.colcon_core.shell:Creating package script '/home/deadsec/robotics_development/install/go_to_pose_pkg/share/go_to_pose_pkg/package.ps1'
[4.365s] INFO:colcon.colcon_core.shell:Creating package descriptor '/home/deadsec/robotics_development/install/go_to_pose_pkg/share/go_to_pose_pkg/package.dsv'
[4.366s] INFO:colcon.colcon_core.shell:Creating package script '/home/deadsec/robotics_development/install/go_to_pose_pkg/share/go_to_pose_pkg/package.sh'
[4.367s] INFO:colcon.colcon_core.shell:Creating package script '/home/deadsec/robotics_development/install/go_to_pose_pkg/share/go_to_pose_pkg/package.bash'
[4.368s] INFO:colcon.colcon_core.shell:Creating package script '/home/deadsec/robotics_development/install/go_to_pose_pkg/share/go_to_pose_pkg/package.zsh'
[4.368s] Level 1:colcon.colcon_core.environment:create_file_with_runtime_dependencies(/home/deadsec/robotics_development/install/go_to_pose_pkg/share/colcon-core/packages/go_to_pose_pkg)
[4.369s] Level 1:colcon.colcon_core.environment:create_environment_scripts_only(go_to_pose_pkg)
[4.369s] Level 1:colcon.colcon_core.environment:checking '/home/deadsec/robotics_development/install/go_to_pose_pkg' for CMake module files
[4.370s] Level 1:colcon.colcon_core.environment:checking '/home/deadsec/robotics_development/install/go_to_pose_pkg' for CMake config files
[4.370s] Level 1:colcon.colcon_core.shell:create_environment_hook('go_to_pose_pkg', 'cmake_prefix_path')
[4.370s] INFO:colcon.colcon_core.shell:Creating environment hook '/home/deadsec/robotics_development/install/go_to_pose_pkg/share/go_to_pose_pkg/hook/cmake_prefix_path.ps1'
[4.371s] INFO:colcon.colcon_core.shell:Creating environment descriptor '/home/deadsec/robotics_development/install/go_to_pose_pkg/share/go_to_pose_pkg/hook/cmake_prefix_path.dsv'
[4.371s] INFO:colcon.colcon_core.shell:Creating environment hook '/home/deadsec/robotics_development/install/go_to_pose_pkg/share/go_to_pose_pkg/hook/cmake_prefix_path.sh'
[4.372s] Level 1:colcon.colcon_core.environment:checking '/home/deadsec/robotics_development/install/go_to_pose_pkg/lib'
[4.372s] Level 1:colcon.colcon_core.environment:checking '/home/deadsec/robotics_development/install/go_to_pose_pkg/bin'
[4.372s] Level 1:colcon.colcon_core.environment:checking '/home/deadsec/robotics_development/install/go_to_pose_pkg/lib/pkgconfig/go_to_pose_pkg.pc'
[4.372s] Level 1:colcon.colcon_core.environment:checking '/home/deadsec/robotics_development/install/go_to_pose_pkg/lib/python3.12/site-packages'
[4.372s] Level 1:colcon.colcon_core.environment:checking '/home/deadsec/robotics_development/install/go_to_pose_pkg/bin'
[4.373s] INFO:colcon.colcon_core.shell:Creating package script '/home/deadsec/robotics_development/install/go_to_pose_pkg/share/go_to_pose_pkg/package.ps1'
[4.373s] INFO:colcon.colcon_core.shell:Creating package descriptor '/home/deadsec/robotics_development/install/go_to_pose_pkg/share/go_to_pose_pkg/package.dsv'
[4.374s] INFO:colcon.colcon_core.shell:Creating package script '/home/deadsec/robotics_development/install/go_to_pose_pkg/share/go_to_pose_pkg/package.sh'
[4.374s] INFO:colcon.colcon_core.shell:Creating package script '/home/deadsec/robotics_development/install/go_to_pose_pkg/share/go_to_pose_pkg/package.bash'
[4.374s] INFO:colcon.colcon_core.shell:Creating package script '/home/deadsec/robotics_development/install/go_to_pose_pkg/share/go_to_pose_pkg/package.zsh'
[4.374s] Level 1:colcon.colcon_core.environment:create_file_with_runtime_dependencies(/home/deadsec/robotics_development/install/go_to_pose_pkg/share/colcon-core/packages/go_to_pose_pkg)
[4.375s] DEBUG:colcon.colcon_parallel_executor.executor.parallel:closing loop
[4.375s] DEBUG:colcon.colcon_parallel_executor.executor.parallel:loop closed
[4.375s] DEBUG:colcon.colcon_parallel_executor.executor.parallel:run_until_complete finished with '0'
[4.375s] DEBUG:colcon.colcon_core.event_reactor:joining thread
[4.379s] INFO:colcon.colcon_core.plugin_system:Skipping extension 'colcon_notification.desktop_notification.terminal_notifier': Not used on non-Darwin systems
[4.379s] INFO:colcon.colcon_core.plugin_system:Skipping extension 'colcon_notification.desktop_notification.win32': Not used on non-Windows systems
[4.379s] INFO:colcon.colcon_notification.desktop_notification:Sending desktop notification using 'notify2'
[4.401s] DEBUG:colcon.colcon_core.event_reactor:joined thread
[4.401s] INFO:colcon.colcon_core.shell:Creating prefix script '/home/deadsec/robotics_development/install/local_setup.ps1'
[4.401s] INFO:colcon.colcon_core.shell:Creating prefix util module '/home/deadsec/robotics_development/install/_local_setup_util_ps1.py'
[4.402s] INFO:colcon.colcon_core.shell:Creating prefix chain script '/home/deadsec/robotics_development/install/setup.ps1'
[4.402s] INFO:colcon.colcon_core.shell:Creating prefix script '/home/deadsec/robotics_development/install/local_setup.sh'
[4.403s] INFO:colcon.colcon_core.shell:Creating prefix util module '/home/deadsec/robotics_development/install/_local_setup_util_sh.py'
[4.403s] INFO:colcon.colcon_core.shell:Creating prefix chain script '/home/deadsec/robotics_development/install/setup.sh'
[4.403s] INFO:colcon.colcon_core.shell:Creating prefix script '/home/deadsec/robotics_development/install/local_setup.bash'
[4.403s] INFO:colcon.colcon_core.shell:Creating prefix chain script '/home/deadsec/robotics_development/install/setup.bash'
[4.404s] INFO:colcon.colcon_core.shell:Creating prefix script '/home/deadsec/robotics_development/install/local_setup.zsh'
[4.404s] INFO:colcon.colcon_core.shell:Creating prefix chain script '/home/deadsec/robotics_development/install/setup.zsh'
